02:00:02 **** Incremental Build of configuration Debug for project COMSYS704-2022 ****
make all 
arm-none-eabi-size   STM32L476JG-SensorTile_ALLMEMS1.elf 
   text	   data	    bss	    dec	    hex	filename
  40688	    520	  22352	  63560	   f848	STM32L476JG-SensorTile_ALLMEMS1.elf
Finished building: default.size.stdout
 
arm-none-eabi-objcopy -O binary "STM32L476JG-SensorTile_ALLMEMS1.elf" "STM32L476JG-SensorTile_ALLMEMS1.bin"
 
02:00:09 **** Incremental Build of configuration Debug for project COMSYS704-2022 ****
make all 
arm-none-eabi-size   STM32L476JG-SensorTile_ALLMEMS1.elf 
   text	   data	    bss	    dec	    hex	filename
  40688	    520	  22352	  63560	   f848	STM32L476JG-SensorTile_ALLMEMS1.elf
Finished building: default.size.stdout
 
arm-none-eabi-objcopy -O binary "STM32L476JG-SensorTile_ALLMEMS1.elf" "STM32L476JG-SensorTile_ALLMEMS1.bin"
 
02:02:02 **** Incremental Build of configuration Debug for project COMSYS704-2022 ****
make all 
arm-none-eabi-size   STM32L476JG-SensorTile_ALLMEMS1.elf 
   text	   data	    bss	    dec	    hex	filename
  40688	    520	  22352	  63560	   f848	STM32L476JG-SensorTile_ALLMEMS1.elf
Finished building: default.size.stdout
 
arm-none-eabi-objcopy -O binary "STM32L476JG-SensorTile_ALLMEMS1.elf" "STM32L476JG-SensorTile_ALLMEMS1.bin"
 
02:14:13 **** Incremental Build of configuration Debug for project COMSYS704-2022 ****
make all 
arm-none-eabi-size   STM32L476JG-SensorTile_ALLMEMS1.elf 
   text	   data	    bss	    dec	    hex	filename
  40688	    520	  22352	  63560	   f848	STM32L476JG-SensorTile_ALLMEMS1.elf
Finished building: default.size.stdout
 
arm-none-eabi-objcopy -O binary "STM32L476JG-SensorTile_ALLMEMS1.elf" "STM32L476JG-SensorTile_ALLMEMS1.bin"
 
02:16:32 **** Incremental Build of configuration Debug for project COMSYS704-2022 ****
make all 
arm-none-eabi-size   STM32L476JG-SensorTile_ALLMEMS1.elf 
   text	   data	    bss	    dec	    hex	filename
  40688	    520	  22352	  63560	   f848	STM32L476JG-SensorTile_ALLMEMS1.elf
Finished building: default.size.stdout
 
arm-none-eabi-objcopy -O binary "STM32L476JG-SensorTile_ALLMEMS1.elf" "STM32L476JG-SensorTile_ALLMEMS1.bin"
 
02:19:12 **** Incremental Build of configuration Debug for project COMSYS704-2022 ****
make all 
arm-none-eabi-gcc "C:/Users/liamp/OneDrive/Desktop/Uni/704/COMSYS704_2022/COMSYS704_2022/Projects/STM32L476JG-SensorTile/Applications/ALLMEMS1/Src/main.c" -mcpu=cortex-m4 -std=c99 -g3 -DDEBUG -DUSE_HAL_DRIVER -DSTM32L476xx -DUSE_STM32L4XX_NUCLEO -DSTM32_SENSORTILE -c -I../../Inc -I../../../../../../Drivers/CMSIS/Device/ST/STM32L4xx/Include -I../../../../../../Drivers/STM32L4xx_HAL_Driver/Inc -I../../../../../../Drivers/BSP/SensorTile -I../../../../../../Drivers/CMSIS/Include -I../../../../../../Drivers/BSP/Components/Common -I../../../../../../Middlewares/ST/BlueNRG-MS/includes -I../../../../../../Middlewares/ST/BlueNRG-MS/utils -I../../../../../../Middlewares/ST/BlueNRG-MS/hci/hci_tl_patterns/Basic -I../../../../../../Middlewares/ST/STM32_USB_Device_Library/Class/CDC/Inc -I../../../../../../Middlewares/ST/STM32_USB_Device_Library/Core/Inc -Og -ffunction-sections -Wall -fstack-usage -MMD -MP -MF"Application/User/main.d" -MT"Application/User/main.o" --specs=nano.specs -mfpu=fpv4-sp-d16 -mfloat-abi=softfp -mthumb -o "Application/User/main.o"
C:/Users/liamp/OneDrive/Desktop/Uni/704/COMSYS704_2022/COMSYS704_2022/Projects/STM32L476JG-SensorTile/Applications/ALLMEMS1/Src/main.c:1122:13: warning: 'DeinitTimers' defined but not used [-Wunused-function]
 1122 | static void DeinitTimers(void)
      |             ^~~~~~~~~~~~
arm-none-eabi-g++ -o "STM32L476JG-SensorTile_ALLMEMS1.elf" @"objects.list"   -mcpu=cortex-m4 -T"../STM32L476RGTX.ld" -Wl,-Map="STM32L476JG-SensorTile_ALLMEMS1.map" -Wl,--gc-sections -static --specs=nano.specs -mfpu=fpv4-sp-d16 -mfloat-abi=softfp -mthumb -Wl,--start-group -lc -lm -lstdc++ -lsupc++ -Wl,--end-group
Finished building target: STM32L476JG-SensorTile_ALLMEMS1.elf
 
arm-none-eabi-size   STM32L476JG-SensorTile_ALLMEMS1.elf 
   text	   data	    bss	    dec	    hex	filename
  40616	    520	  22352	  63488	   f800	STM32L476JG-SensorTile_ALLMEMS1.elf
Finished building: default.size.stdout
 
arm-none-eabi-objdump -h -S  STM32L476JG-SensorTile_ALLMEMS1.elf  > "STM32L476JG-SensorTile_ALLMEMS1.list"
Finished building: STM32L476JG-SensorTile_ALLMEMS1.list
 
arm-none-eabi-objcopy -O binary "STM32L476JG-SensorTile_ALLMEMS1.elf" "STM32L476JG-SensorTile_ALLMEMS1.bin"
 
09:57:29 **** Incremental Build of configuration Debug for project COMSYS704-2022 ****
make all 
arm-none-eabi-gcc "C:/Users/liamp/OneDrive/Desktop/Uni/704/COMSYS704_2022/COMSYS704_2022/Projects/STM32L476JG-SensorTile/Applications/ALLMEMS1/Src/main.c" -mcpu=cortex-m4 -std=c99 -g3 -DDEBUG -DUSE_HAL_DRIVER -DSTM32L476xx -DUSE_STM32L4XX_NUCLEO -DSTM32_SENSORTILE -c -I../../Inc -I../../../../../../Drivers/CMSIS/Device/ST/STM32L4xx/Include -I../../../../../../Drivers/STM32L4xx_HAL_Driver/Inc -I../../../../../../Drivers/BSP/SensorTile -I../../../../../../Drivers/CMSIS/Include -I../../../../../../Drivers/BSP/Components/Common -I../../../../../../Middlewares/ST/BlueNRG-MS/includes -I../../../../../../Middlewares/ST/BlueNRG-MS/utils -I../../../../../../Middlewares/ST/BlueNRG-MS/hci/hci_tl_patterns/Basic -I../../../../../../Middlewares/ST/STM32_USB_Device_Library/Class/CDC/Inc -I../../../../../../Middlewares/ST/STM32_USB_Device_Library/Core/Inc -Og -ffunction-sections -Wall -fstack-usage -MMD -MP -MF"Application/User/main.d" -MT"Application/User/main.o" --specs=nano.specs -mfpu=fpv4-sp-d16 -mfloat-abi=softfp -mthumb -o "Application/User/main.o"
C:/Users/liamp/OneDrive/Desktop/Uni/704/COMSYS704_2022/COMSYS704_2022/Projects/STM32L476JG-SensorTile/Applications/ALLMEMS1/Src/main.c: In function 'readMag':
C:/Users/liamp/OneDrive/Desktop/Uni/704/COMSYS704_2022/COMSYS704_2022/Projects/STM32L476JG-SensorTile/Applications/ALLMEMS1/Src/main.c:484:14: warning: assignment to 'uint32_t' {aka 'long unsigned int'} from 'unsigned char *' makes integer from pointer without a cast [-Wint-conversion]
  484 |   MAG_Value.x=XMAG;
      |              ^
C:/Users/liamp/OneDrive/Desktop/Uni/704/COMSYS704_2022/COMSYS704_2022/Projects/STM32L476JG-SensorTile/Applications/ALLMEMS1/Src/main.c:485:14: warning: assignment to 'uint32_t' {aka 'long unsigned int'} from 'unsigned char *' makes integer from pointer without a cast [-Wint-conversion]
  485 |   MAG_Value.y=YMAG;
      |              ^
C:/Users/liamp/OneDrive/Desktop/Uni/704/COMSYS704_2022/COMSYS704_2022/Projects/STM32L476JG-SensorTile/Applications/ALLMEMS1/Src/main.c:486:14: warning: assignment to 'uint32_t' {aka 'long unsigned int'} from 'unsigned char *' makes integer from pointer without a cast [-Wint-conversion]
  486 |   MAG_Value.z=ZMAG;
      |              ^
In file included from ../../Inc/main.h:27,
                 from C:/Users/liamp/OneDrive/Desktop/Uni/704/COMSYS704_2022/COMSYS704_2022/Projects/STM32L476JG-SensorTile/Applications/ALLMEMS1/Src/main.c:39:
C:/Users/liamp/OneDrive/Desktop/Uni/704/COMSYS704_2022/COMSYS704_2022/Projects/STM32L476JG-SensorTile/Applications/ALLMEMS1/Src/main.c:488:11: warning: format '%d' expects argument of type 'int', but argument 3 has type 'unsigned char *' [-Wformat=]
  488 |   XPRINTF("MAG=%d,%d,%d\r\n",XMAG,YMAG,ZMAG);
      |           ^~~~~~~~~~~~~~~~~~ ~~~~
      |                              |
      |                              unsigned char *
../../Inc/ALLMEMS1_config.h:126:52: note: in definition of macro 'XPRINTF'
  126 |       TmpBytesToWrite = sprintf( TmpBufferToWrite, __VA_ARGS__);\
      |                                                    ^~~~~~~~~~~
C:/Users/liamp/OneDrive/Desktop/Uni/704/COMSYS704_2022/COMSYS704_2022/Projects/STM32L476JG-SensorTile/Applications/ALLMEMS1/Src/main.c:488:17: note: format string is defined here
  488 |   XPRINTF("MAG=%d,%d,%d\r\n",XMAG,YMAG,ZMAG);
      |                ~^
      |                 |
      |                 int
      |                %hhn
In file included from ../../Inc/main.h:27,
                 from C:/Users/liamp/OneDrive/Desktop/Uni/704/COMSYS704_2022/COMSYS704_2022/Projects/STM32L476JG-SensorTile/Applications/ALLMEMS1/Src/main.c:39:
C:/Users/liamp/OneDrive/Desktop/Uni/704/COMSYS704_2022/COMSYS704_2022/Projects/STM32L476JG-SensorTile/Applications/ALLMEMS1/Src/main.c:488:11: warning: format '%d' expects argument of type 'int', but argument 4 has type 'unsigned char *' [-Wformat=]
  488 |   XPRINTF("MAG=%d,%d,%d\r\n",XMAG,YMAG,ZMAG);
      |           ^~~~~~~~~~~~~~~~~~      ~~~~
      |                                   |
      |                                   unsigned char *
../../Inc/ALLMEMS1_config.h:126:52: note: in definition of macro 'XPRINTF'
  126 |       TmpBytesToWrite = sprintf( TmpBufferToWrite, __VA_ARGS__);\
      |                                                    ^~~~~~~~~~~
C:/Users/liamp/OneDrive/Desktop/Uni/704/COMSYS704_2022/COMSYS704_2022/Projects/STM32L476JG-SensorTile/Applications/ALLMEMS1/Src/main.c:488:20: note: format string is defined here
  488 |   XPRINTF("MAG=%d,%d,%d\r\n",XMAG,YMAG,ZMAG);
      |                   ~^
      |                    |
      |                    int
      |                   %hhn
In file included from ../../Inc/main.h:27,
                 from C:/Users/liamp/OneDrive/Desktop/Uni/704/COMSYS704_2022/COMSYS704_2022/Projects/STM32L476JG-SensorTile/Applications/ALLMEMS1/Src/main.c:39:
C:/Users/liamp/OneDrive/Desktop/Uni/704/COMSYS704_2022/COMSYS704_2022/Projects/STM32L476JG-SensorTile/Applications/ALLMEMS1/Src/main.c:488:11: warning: format '%d' expects argument of type 'int', but argument 5 has type 'unsigned char *' [-Wformat=]
  488 |   XPRINTF("MAG=%d,%d,%d\r\n",XMAG,YMAG,ZMAG);
      |           ^~~~~~~~~~~~~~~~~~           ~~~~
      |                                        |
      |                                        unsigned char *
../../Inc/ALLMEMS1_config.h:126:52: note: in definition of macro 'XPRINTF'
  126 |       TmpBytesToWrite = sprintf( TmpBufferToWrite, __VA_ARGS__);\
      |                                                    ^~~~~~~~~~~
C:/Users/liamp/OneDrive/Desktop/Uni/704/COMSYS704_2022/COMSYS704_2022/Projects/STM32L476JG-SensorTile/Applications/ALLMEMS1/Src/main.c:488:23: note: format string is defined here
  488 |   XPRINTF("MAG=%d,%d,%d\r\n",XMAG,YMAG,ZMAG);
      |                      ~^
      |                       |
      |                       int
      |                      %hhn
C:/Users/liamp/OneDrive/Desktop/Uni/704/COMSYS704_2022/COMSYS704_2022/Projects/STM32L476JG-SensorTile/Applications/ALLMEMS1/Src/main.c:423:34: warning: unused variable 'zfinal_M' [-Wunused-variable]
  423 |  int xfinal_M = 0, yfinal_M = 0, zfinal_M = 0;
      |                                  ^~~~~~~~
C:/Users/liamp/OneDrive/Desktop/Uni/704/COMSYS704_2022/COMSYS704_2022/Projects/STM32L476JG-SensorTile/Applications/ALLMEMS1/Src/main.c:423:20: warning: unused variable 'yfinal_M' [-Wunused-variable]
  423 |  int xfinal_M = 0, yfinal_M = 0, zfinal_M = 0;
      |                    ^~~~~~~~
C:/Users/liamp/OneDrive/Desktop/Uni/704/COMSYS704_2022/COMSYS704_2022/Projects/STM32L476JG-SensorTile/Applications/ALLMEMS1/Src/main.c:423:6: warning: unused variable 'xfinal_M' [-Wunused-variable]
  423 |  int xfinal_M = 0, yfinal_M = 0, zfinal_M = 0;
      |      ^~~~~~~~
C:/Users/liamp/OneDrive/Desktop/Uni/704/COMSYS704_2022/COMSYS704_2022/Projects/STM32L476JG-SensorTile/Applications/ALLMEMS1/Src/main.c:422:37: warning: unused variable 'C_zbinary' [-Wunused-variable]
  422 |  char C_xbinary[16], C_ybinary[16], C_zbinary[16];
      |                                     ^~~~~~~~~
C:/Users/liamp/OneDrive/Desktop/Uni/704/COMSYS704_2022/COMSYS704_2022/Projects/STM32L476JG-SensorTile/Applications/ALLMEMS1/Src/main.c:422:22: warning: unused variable 'C_ybinary' [-Wunused-variable]
  422 |  char C_xbinary[16], C_ybinary[16], C_zbinary[16];
      |                      ^~~~~~~~~
C:/Users/liamp/OneDrive/Desktop/Uni/704/COMSYS704_2022/COMSYS704_2022/Projects/STM32L476JG-SensorTile/Applications/ALLMEMS1/Src/main.c:422:7: warning: unused variable 'C_xbinary' [-Wunused-variable]
  422 |  char C_xbinary[16], C_ybinary[16], C_zbinary[16];
      |       ^~~~~~~~~
C:/Users/liamp/OneDrive/Desktop/Uni/704/COMSYS704_2022/COMSYS704_2022/Projects/STM32L476JG-SensorTile/Applications/ALLMEMS1/Src/main.c:421:33: warning: unused variable 'zbinary' [-Wunused-variable]
  421 |  char xbinary[16], ybinary[16], zbinary[16];
      |                                 ^~~~~~~
C:/Users/liamp/OneDrive/Desktop/Uni/704/COMSYS704_2022/COMSYS704_2022/Projects/STM32L476JG-SensorTile/Applications/ALLMEMS1/Src/main.c:421:20: warning: unused variable 'ybinary' [-Wunused-variable]
  421 |  char xbinary[16], ybinary[16], zbinary[16];
      |                    ^~~~~~~
C:/Users/liamp/OneDrive/Desktop/Uni/704/COMSYS704_2022/COMSYS704_2022/Projects/STM32L476JG-SensorTile/Applications/ALLMEMS1/Src/main.c:421:7: warning: unused variable 'xbinary' [-Wunused-variable]
  421 |  char xbinary[16], ybinary[16], zbinary[16];
      |       ^~~~~~~
C:/Users/liamp/OneDrive/Desktop/Uni/704/COMSYS704_2022/COMSYS704_2022/Projects/STM32L476JG-SensorTile/Applications/ALLMEMS1/Src/main.c: In function 'readAcc':
C:/Users/liamp/OneDrive/Desktop/Uni/704/COMSYS704_2022/COMSYS704_2022/Projects/STM32L476JG-SensorTile/Applications/ALLMEMS1/Src/main.c:498:37: warning: unused variable 'C_zbinary' [-Wunused-variable]
  498 |  char C_xbinary[16], C_ybinary[16], C_zbinary[16];
      |                                     ^~~~~~~~~
C:/Users/liamp/OneDrive/Desktop/Uni/704/COMSYS704_2022/COMSYS704_2022/Projects/STM32L476JG-SensorTile/Applications/ALLMEMS1/Src/main.c:498:22: warning: unused variable 'C_ybinary' [-Wunused-variable]
  498 |  char C_xbinary[16], C_ybinary[16], C_zbinary[16];
      |                      ^~~~~~~~~
C:/Users/liamp/OneDrive/Desktop/Uni/704/COMSYS704_2022/COMSYS704_2022/Projects/STM32L476JG-SensorTile/Applications/ALLMEMS1/Src/main.c:498:7: warning: unused variable 'C_xbinary' [-Wunused-variable]
  498 |  char C_xbinary[16], C_ybinary[16], C_zbinary[16];
      |       ^~~~~~~~~
C:/Users/liamp/OneDrive/Desktop/Uni/704/COMSYS704_2022/COMSYS704_2022/Projects/STM32L476JG-SensorTile/Applications/ALLMEMS1/Src/main.c:497:33: warning: unused variable 'zbinary' [-Wunused-variable]
  497 |  char xbinary[16], ybinary[16], zbinary[16];
      |                                 ^~~~~~~
C:/Users/liamp/OneDrive/Desktop/Uni/704/COMSYS704_2022/COMSYS704_2022/Projects/STM32L476JG-SensorTile/Applications/ALLMEMS1/Src/main.c:497:20: warning: unused variable 'ybinary' [-Wunused-variable]
  497 |  char xbinary[16], ybinary[16], zbinary[16];
      |                    ^~~~~~~
C:/Users/liamp/OneDrive/Desktop/Uni/704/COMSYS704_2022/COMSYS704_2022/Projects/STM32L476JG-SensorTile/Applications/ALLMEMS1/Src/main.c:497:7: warning: unused variable 'xbinary' [-Wunused-variable]
  497 |  char xbinary[16], ybinary[16], zbinary[16];
      |       ^~~~~~~
At top level:
C:/Users/liamp/OneDrive/Desktop/Uni/704/COMSYS704_2022/COMSYS704_2022/Projects/STM32L476JG-SensorTile/Applications/ALLMEMS1/Src/main.c:1256:13: warning: 'DeinitTimers' defined but not used [-Wunused-function]
 1256 | static void DeinitTimers(void)
      |             ^~~~~~~~~~~~
C:/Users/liamp/OneDrive/Desktop/Uni/704/COMSYS704_2022/COMSYS704_2022/Projects/STM32L476JG-SensorTile/Applications/ALLMEMS1/Src/main.c:492:13: warning: 'readAcc' defined but not used [-Wunused-function]
  492 | static void readAcc() {
      |             ^~~~~~~
arm-none-eabi-g++ -o "STM32L476JG-SensorTile_ALLMEMS1.elf" @"objects.list"   -mcpu=cortex-m4 -T"../STM32L476RGTX.ld" -Wl,-Map="STM32L476JG-SensorTile_ALLMEMS1.map" -Wl,--gc-sections -static --specs=nano.specs -mfpu=fpv4-sp-d16 -mfloat-abi=softfp -mthumb -Wl,--start-group -lc -lm -lstdc++ -lsupc++ -Wl,--end-group
Finished building target: STM32L476JG-SensorTile_ALLMEMS1.elf
 
arm-none-eabi-size   STM32L476JG-SensorTile_ALLMEMS1.elf 
   text	   data	    bss	    dec	    hex	filename
  33408	    520	  22352	  56280	   dbd8	STM32L476JG-SensorTile_ALLMEMS1.elf
Finished building: default.size.stdout
 
arm-none-eabi-objdump -h -S  STM32L476JG-SensorTile_ALLMEMS1.elf  > "STM32L476JG-SensorTile_ALLMEMS1.list"
Finished building: STM32L476JG-SensorTile_ALLMEMS1.list
 
arm-none-eabi-objcopy -O binary "STM32L476JG-SensorTile_ALLMEMS1.elf" "STM32L476JG-SensorTile_ALLMEMS1.bin"
 
09:58:17 **** Incremental Build of configuration Debug for project COMSYS704-2022 ****
make all 
arm-none-eabi-gcc "C:/Users/liamp/OneDrive/Desktop/Uni/704/COMSYS704_2022/COMSYS704_2022/Projects/STM32L476JG-SensorTile/Applications/ALLMEMS1/Src/main.c" -mcpu=cortex-m4 -std=c99 -g3 -DDEBUG -DUSE_HAL_DRIVER -DSTM32L476xx -DUSE_STM32L4XX_NUCLEO -DSTM32_SENSORTILE -c -I../../Inc -I../../../../../../Drivers/CMSIS/Device/ST/STM32L4xx/Include -I../../../../../../Drivers/STM32L4xx_HAL_Driver/Inc -I../../../../../../Drivers/BSP/SensorTile -I../../../../../../Drivers/CMSIS/Include -I../../../../../../Drivers/BSP/Components/Common -I../../../../../../Middlewares/ST/BlueNRG-MS/includes -I../../../../../../Middlewares/ST/BlueNRG-MS/utils -I../../../../../../Middlewares/ST/BlueNRG-MS/hci/hci_tl_patterns/Basic -I../../../../../../Middlewares/ST/STM32_USB_Device_Library/Class/CDC/Inc -I../../../../../../Middlewares/ST/STM32_USB_Device_Library/Core/Inc -Og -ffunction-sections -Wall -fstack-usage -MMD -MP -MF"Application/User/main.d" -MT"Application/User/main.o" --specs=nano.specs -mfpu=fpv4-sp-d16 -mfloat-abi=softfp -mthumb -o "Application/User/main.o"
C:/Users/liamp/OneDrive/Desktop/Uni/704/COMSYS704_2022/COMSYS704_2022/Projects/STM32L476JG-SensorTile/Applications/ALLMEMS1/Src/main.c: In function 'readMag':
C:/Users/liamp/OneDrive/Desktop/Uni/704/COMSYS704_2022/COMSYS704_2022/Projects/STM32L476JG-SensorTile/Applications/ALLMEMS1/Src/main.c:484:14: warning: assignment to 'uint32_t' {aka 'long unsigned int'} from 'unsigned char *' makes integer from pointer without a cast [-Wint-conversion]
  484 |   MAG_Value.x=XMAG;
      |              ^
C:/Users/liamp/OneDrive/Desktop/Uni/704/COMSYS704_2022/COMSYS704_2022/Projects/STM32L476JG-SensorTile/Applications/ALLMEMS1/Src/main.c:485:14: warning: assignment to 'uint32_t' {aka 'long unsigned int'} from 'unsigned char *' makes integer from pointer without a cast [-Wint-conversion]
  485 |   MAG_Value.y=YMAG;
      |              ^
C:/Users/liamp/OneDrive/Desktop/Uni/704/COMSYS704_2022/COMSYS704_2022/Projects/STM32L476JG-SensorTile/Applications/ALLMEMS1/Src/main.c:486:14: warning: assignment to 'uint32_t' {aka 'long unsigned int'} from 'unsigned char *' makes integer from pointer without a cast [-Wint-conversion]
  486 |   MAG_Value.z=ZMAG;
      |              ^
In file included from ../../Inc/main.h:27,
                 from C:/Users/liamp/OneDrive/Desktop/Uni/704/COMSYS704_2022/COMSYS704_2022/Projects/STM32L476JG-SensorTile/Applications/ALLMEMS1/Src/main.c:39:
C:/Users/liamp/OneDrive/Desktop/Uni/704/COMSYS704_2022/COMSYS704_2022/Projects/STM32L476JG-SensorTile/Applications/ALLMEMS1/Src/main.c:488:11: warning: format '%d' expects argument of type 'int', but argument 3 has type 'unsigned char *' [-Wformat=]
  488 |   XPRINTF("MAG=%d,%d,%d\r\n",XMAG,YMAG,ZMAG);
      |           ^~~~~~~~~~~~~~~~~~ ~~~~
      |                              |
      |                              unsigned char *
../../Inc/ALLMEMS1_config.h:126:52: note: in definition of macro 'XPRINTF'
  126 |       TmpBytesToWrite = sprintf( TmpBufferToWrite, __VA_ARGS__);\
      |                                                    ^~~~~~~~~~~
C:/Users/liamp/OneDrive/Desktop/Uni/704/COMSYS704_2022/COMSYS704_2022/Projects/STM32L476JG-SensorTile/Applications/ALLMEMS1/Src/main.c:488:17: note: format string is defined here
  488 |   XPRINTF("MAG=%d,%d,%d\r\n",XMAG,YMAG,ZMAG);
      |                ~^
      |                 |
      |                 int
      |                %hhn
In file included from ../../Inc/main.h:27,
                 from C:/Users/liamp/OneDrive/Desktop/Uni/704/COMSYS704_2022/COMSYS704_2022/Projects/STM32L476JG-SensorTile/Applications/ALLMEMS1/Src/main.c:39:
C:/Users/liamp/OneDrive/Desktop/Uni/704/COMSYS704_2022/COMSYS704_2022/Projects/STM32L476JG-SensorTile/Applications/ALLMEMS1/Src/main.c:488:11: warning: format '%d' expects argument of type 'int', but argument 4 has type 'unsigned char *' [-Wformat=]
  488 |   XPRINTF("MAG=%d,%d,%d\r\n",XMAG,YMAG,ZMAG);
      |           ^~~~~~~~~~~~~~~~~~      ~~~~
      |                                   |
      |                                   unsigned char *
../../Inc/ALLMEMS1_config.h:126:52: note: in definition of macro 'XPRINTF'
  126 |       TmpBytesToWrite = sprintf( TmpBufferToWrite, __VA_ARGS__);\
      |                                                    ^~~~~~~~~~~
C:/Users/liamp/OneDrive/Desktop/Uni/704/COMSYS704_2022/COMSYS704_2022/Projects/STM32L476JG-SensorTile/Applications/ALLMEMS1/Src/main.c:488:20: note: format string is defined here
  488 |   XPRINTF("MAG=%d,%d,%d\r\n",XMAG,YMAG,ZMAG);
      |                   ~^
      |                    |
      |                    int
      |                   %hhn
In file included from ../../Inc/main.h:27,
                 from C:/Users/liamp/OneDrive/Desktop/Uni/704/COMSYS704_2022/COMSYS704_2022/Projects/STM32L476JG-SensorTile/Applications/ALLMEMS1/Src/main.c:39:
C:/Users/liamp/OneDrive/Desktop/Uni/704/COMSYS704_2022/COMSYS704_2022/Projects/STM32L476JG-SensorTile/Applications/ALLMEMS1/Src/main.c:488:11: warning: format '%d' expects argument of type 'int', but argument 5 has type 'unsigned char *' [-Wformat=]
  488 |   XPRINTF("MAG=%d,%d,%d\r\n",XMAG,YMAG,ZMAG);
      |           ^~~~~~~~~~~~~~~~~~           ~~~~
      |                                        |
      |                                        unsigned char *
../../Inc/ALLMEMS1_config.h:126:52: note: in definition of macro 'XPRINTF'
  126 |       TmpBytesToWrite = sprintf( TmpBufferToWrite, __VA_ARGS__);\
      |                                                    ^~~~~~~~~~~
C:/Users/liamp/OneDrive/Desktop/Uni/704/COMSYS704_2022/COMSYS704_2022/Projects/STM32L476JG-SensorTile/Applications/ALLMEMS1/Src/main.c:488:23: note: format string is defined here
  488 |   XPRINTF("MAG=%d,%d,%d\r\n",XMAG,YMAG,ZMAG);
      |                      ~^
      |                       |
      |                       int
      |                      %hhn
C:/Users/liamp/OneDrive/Desktop/Uni/704/COMSYS704_2022/COMSYS704_2022/Projects/STM32L476JG-SensorTile/Applications/ALLMEMS1/Src/main.c:423:34: warning: unused variable 'zfinal_M' [-Wunused-variable]
  423 |  int xfinal_M = 0, yfinal_M = 0, zfinal_M = 0;
      |                                  ^~~~~~~~
C:/Users/liamp/OneDrive/Desktop/Uni/704/COMSYS704_2022/COMSYS704_2022/Projects/STM32L476JG-SensorTile/Applications/ALLMEMS1/Src/main.c:423:20: warning: unused variable 'yfinal_M' [-Wunused-variable]
  423 |  int xfinal_M = 0, yfinal_M = 0, zfinal_M = 0;
      |                    ^~~~~~~~
C:/Users/liamp/OneDrive/Desktop/Uni/704/COMSYS704_2022/COMSYS704_2022/Projects/STM32L476JG-SensorTile/Applications/ALLMEMS1/Src/main.c:423:6: warning: unused variable 'xfinal_M' [-Wunused-variable]
  423 |  int xfinal_M = 0, yfinal_M = 0, zfinal_M = 0;
      |      ^~~~~~~~
C:/Users/liamp/OneDrive/Desktop/Uni/704/COMSYS704_2022/COMSYS704_2022/Projects/STM32L476JG-SensorTile/Applications/ALLMEMS1/Src/main.c:422:37: warning: unused variable 'C_zbinary' [-Wunused-variable]
  422 |  char C_xbinary[16], C_ybinary[16], C_zbinary[16];
      |                                     ^~~~~~~~~
C:/Users/liamp/OneDrive/Desktop/Uni/704/COMSYS704_2022/COMSYS704_2022/Projects/STM32L476JG-SensorTile/Applications/ALLMEMS1/Src/main.c:422:22: warning: unused variable 'C_ybinary' [-Wunused-variable]
  422 |  char C_xbinary[16], C_ybinary[16], C_zbinary[16];
      |                      ^~~~~~~~~
C:/Users/liamp/OneDrive/Desktop/Uni/704/COMSYS704_2022/COMSYS704_2022/Projects/STM32L476JG-SensorTile/Applications/ALLMEMS1/Src/main.c:422:7: warning: unused variable 'C_xbinary' [-Wunused-variable]
  422 |  char C_xbinary[16], C_ybinary[16], C_zbinary[16];
      |       ^~~~~~~~~
C:/Users/liamp/OneDrive/Desktop/Uni/704/COMSYS704_2022/COMSYS704_2022/Projects/STM32L476JG-SensorTile/Applications/ALLMEMS1/Src/main.c:421:33: warning: unused variable 'zbinary' [-Wunused-variable]
  421 |  char xbinary[16], ybinary[16], zbinary[16];
      |                                 ^~~~~~~
C:/Users/liamp/OneDrive/Desktop/Uni/704/COMSYS704_2022/COMSYS704_2022/Projects/STM32L476JG-SensorTile/Applications/ALLMEMS1/Src/main.c:421:20: warning: unused variable 'ybinary' [-Wunused-variable]
  421 |  char xbinary[16], ybinary[16], zbinary[16];
      |                    ^~~~~~~
C:/Users/liamp/OneDrive/Desktop/Uni/704/COMSYS704_2022/COMSYS704_2022/Projects/STM32L476JG-SensorTile/Applications/ALLMEMS1/Src/main.c:421:7: warning: unused variable 'xbinary' [-Wunused-variable]
  421 |  char xbinary[16], ybinary[16], zbinary[16];
      |       ^~~~~~~
C:/Users/liamp/OneDrive/Desktop/Uni/704/COMSYS704_2022/COMSYS704_2022/Projects/STM32L476JG-SensorTile/Applications/ALLMEMS1/Src/main.c: In function 'readAcc':
C:/Users/liamp/OneDrive/Desktop/Uni/704/COMSYS704_2022/COMSYS704_2022/Projects/STM32L476JG-SensorTile/Applications/ALLMEMS1/Src/main.c:498:37: warning: unused variable 'C_zbinary' [-Wunused-variable]
  498 |  char C_xbinary[16], C_ybinary[16], C_zbinary[16];
      |                                     ^~~~~~~~~
C:/Users/liamp/OneDrive/Desktop/Uni/704/COMSYS704_2022/COMSYS704_2022/Projects/STM32L476JG-SensorTile/Applications/ALLMEMS1/Src/main.c:498:22: warning: unused variable 'C_ybinary' [-Wunused-variable]
  498 |  char C_xbinary[16], C_ybinary[16], C_zbinary[16];
      |                      ^~~~~~~~~
C:/Users/liamp/OneDrive/Desktop/Uni/704/COMSYS704_2022/COMSYS704_2022/Projects/STM32L476JG-SensorTile/Applications/ALLMEMS1/Src/main.c:498:7: warning: unused variable 'C_xbinary' [-Wunused-variable]
  498 |  char C_xbinary[16], C_ybinary[16], C_zbinary[16];
      |       ^~~~~~~~~
C:/Users/liamp/OneDrive/Desktop/Uni/704/COMSYS704_2022/COMSYS704_2022/Projects/STM32L476JG-SensorTile/Applications/ALLMEMS1/Src/main.c:497:33: warning: unused variable 'zbinary' [-Wunused-variable]
  497 |  char xbinary[16], ybinary[16], zbinary[16];
      |                                 ^~~~~~~
C:/Users/liamp/OneDrive/Desktop/Uni/704/COMSYS704_2022/COMSYS704_2022/Projects/STM32L476JG-SensorTile/Applications/ALLMEMS1/Src/main.c:497:20: warning: unused variable 'ybinary' [-Wunused-variable]
  497 |  char xbinary[16], ybinary[16], zbinary[16];
      |                    ^~~~~~~
C:/Users/liamp/OneDrive/Desktop/Uni/704/COMSYS704_2022/COMSYS704_2022/Projects/STM32L476JG-SensorTile/Applications/ALLMEMS1/Src/main.c:497:7: warning: unused variable 'xbinary' [-Wunused-variable]
  497 |  char xbinary[16], ybinary[16], zbinary[16];
      |       ^~~~~~~
At top level:
C:/Users/liamp/OneDrive/Desktop/Uni/704/COMSYS704_2022/COMSYS704_2022/Projects/STM32L476JG-SensorTile/Applications/ALLMEMS1/Src/main.c:1256:13: warning: 'DeinitTimers' defined but not used [-Wunused-function]
 1256 | static void DeinitTimers(void)
      |             ^~~~~~~~~~~~
C:/Users/liamp/OneDrive/Desktop/Uni/704/COMSYS704_2022/COMSYS704_2022/Projects/STM32L476JG-SensorTile/Applications/ALLMEMS1/Src/main.c:492:13: warning: 'readAcc' defined but not used [-Wunused-function]
  492 | static void readAcc() {
      |             ^~~~~~~
arm-none-eabi-g++ -o "STM32L476JG-SensorTile_ALLMEMS1.elf" @"objects.list"   -mcpu=cortex-m4 -T"../STM32L476RGTX.ld" -Wl,-Map="STM32L476JG-SensorTile_ALLMEMS1.map" -Wl,--gc-sections -static --specs=nano.specs -mfpu=fpv4-sp-d16 -mfloat-abi=softfp -mthumb -Wl,--start-group -lc -lm -lstdc++ -lsupc++ -Wl,--end-group
Finished building target: STM32L476JG-SensorTile_ALLMEMS1.elf
 
arm-none-eabi-size   STM32L476JG-SensorTile_ALLMEMS1.elf 
   text	   data	    bss	    dec	    hex	filename
  33376	    520	  22352	  56248	   dbb8	STM32L476JG-SensorTile_ALLMEMS1.elf
Finished building: default.size.stdout
 
arm-none-eabi-objdump -h -S  STM32L476JG-SensorTile_ALLMEMS1.elf  > "STM32L476JG-SensorTile_ALLMEMS1.list"
Finished building: STM32L476JG-SensorTile_ALLMEMS1.list
 
arm-none-eabi-objcopy -O binary "STM32L476JG-SensorTile_ALLMEMS1.elf" "STM32L476JG-SensorTile_ALLMEMS1.bin"
 
10:01:00 **** Incremental Build of configuration Debug for project COMSYS704-2022 ****
make all 
arm-none-eabi-gcc "C:/Users/liamp/OneDrive/Desktop/Uni/704/COMSYS704_2022/COMSYS704_2022/Projects/STM32L476JG-SensorTile/Applications/ALLMEMS1/Src/main.c" -mcpu=cortex-m4 -std=c99 -g3 -DDEBUG -DUSE_HAL_DRIVER -DSTM32L476xx -DUSE_STM32L4XX_NUCLEO -DSTM32_SENSORTILE -c -I../../Inc -I../../../../../../Drivers/CMSIS/Device/ST/STM32L4xx/Include -I../../../../../../Drivers/STM32L4xx_HAL_Driver/Inc -I../../../../../../Drivers/BSP/SensorTile -I../../../../../../Drivers/CMSIS/Include -I../../../../../../Drivers/BSP/Components/Common -I../../../../../../Middlewares/ST/BlueNRG-MS/includes -I../../../../../../Middlewares/ST/BlueNRG-MS/utils -I../../../../../../Middlewares/ST/BlueNRG-MS/hci/hci_tl_patterns/Basic -I../../../../../../Middlewares/ST/STM32_USB_Device_Library/Class/CDC/Inc -I../../../../../../Middlewares/ST/STM32_USB_Device_Library/Core/Inc -Og -ffunction-sections -Wall -fstack-usage -MMD -MP -MF"Application/User/main.d" -MT"Application/User/main.o" --specs=nano.specs -mfpu=fpv4-sp-d16 -mfloat-abi=softfp -mthumb -o "Application/User/main.o"
C:/Users/liamp/OneDrive/Desktop/Uni/704/COMSYS704_2022/COMSYS704_2022/Projects/STM32L476JG-SensorTile/Applications/ALLMEMS1/Src/main.c: In function 'readMag':
C:/Users/liamp/OneDrive/Desktop/Uni/704/COMSYS704_2022/COMSYS704_2022/Projects/STM32L476JG-SensorTile/Applications/ALLMEMS1/Src/main.c:484:14: warning: assignment to 'uint32_t' {aka 'long unsigned int'} from 'unsigned char *' makes integer from pointer without a cast [-Wint-conversion]
  484 |   MAG_Value.x=XMAG;
      |              ^
C:/Users/liamp/OneDrive/Desktop/Uni/704/COMSYS704_2022/COMSYS704_2022/Projects/STM32L476JG-SensorTile/Applications/ALLMEMS1/Src/main.c:485:14: warning: assignment to 'uint32_t' {aka 'long unsigned int'} from 'unsigned char *' makes integer from pointer without a cast [-Wint-conversion]
  485 |   MAG_Value.y=YMAG;
      |              ^
C:/Users/liamp/OneDrive/Desktop/Uni/704/COMSYS704_2022/COMSYS704_2022/Projects/STM32L476JG-SensorTile/Applications/ALLMEMS1/Src/main.c:486:14: warning: assignment to 'uint32_t' {aka 'long unsigned int'} from 'unsigned char *' makes integer from pointer without a cast [-Wint-conversion]
  486 |   MAG_Value.z=ZMAG;
      |              ^
In file included from ../../Inc/main.h:27,
                 from C:/Users/liamp/OneDrive/Desktop/Uni/704/COMSYS704_2022/COMSYS704_2022/Projects/STM32L476JG-SensorTile/Applications/ALLMEMS1/Src/main.c:39:
C:/Users/liamp/OneDrive/Desktop/Uni/704/COMSYS704_2022/COMSYS704_2022/Projects/STM32L476JG-SensorTile/Applications/ALLMEMS1/Src/main.c:488:11: warning: format '%d' expects argument of type 'int', but argument 3 has type 'unsigned char *' [-Wformat=]
  488 |   XPRINTF("MAG=%d,%d,%d\r\n",XMAG,YMAG,ZMAG);
      |           ^~~~~~~~~~~~~~~~~~ ~~~~
      |                              |
      |                              unsigned char *
../../Inc/ALLMEMS1_config.h:126:52: note: in definition of macro 'XPRINTF'
  126 |       TmpBytesToWrite = sprintf( TmpBufferToWrite, __VA_ARGS__);\
      |                                                    ^~~~~~~~~~~
C:/Users/liamp/OneDrive/Desktop/Uni/704/COMSYS704_2022/COMSYS704_2022/Projects/STM32L476JG-SensorTile/Applications/ALLMEMS1/Src/main.c:488:17: note: format string is defined here
  488 |   XPRINTF("MAG=%d,%d,%d\r\n",XMAG,YMAG,ZMAG);
      |                ~^
      |                 |
      |                 int
      |                %hhn
In file included from ../../Inc/main.h:27,
                 from C:/Users/liamp/OneDrive/Desktop/Uni/704/COMSYS704_2022/COMSYS704_2022/Projects/STM32L476JG-SensorTile/Applications/ALLMEMS1/Src/main.c:39:
C:/Users/liamp/OneDrive/Desktop/Uni/704/COMSYS704_2022/COMSYS704_2022/Projects/STM32L476JG-SensorTile/Applications/ALLMEMS1/Src/main.c:488:11: warning: format '%d' expects argument of type 'int', but argument 4 has type 'unsigned char *' [-Wformat=]
  488 |   XPRINTF("MAG=%d,%d,%d\r\n",XMAG,YMAG,ZMAG);
      |           ^~~~~~~~~~~~~~~~~~      ~~~~
      |                                   |
      |                                   unsigned char *
../../Inc/ALLMEMS1_config.h:126:52: note: in definition of macro 'XPRINTF'
  126 |       TmpBytesToWrite = sprintf( TmpBufferToWrite, __VA_ARGS__);\
      |                                                    ^~~~~~~~~~~
C:/Users/liamp/OneDrive/Desktop/Uni/704/COMSYS704_2022/COMSYS704_2022/Projects/STM32L476JG-SensorTile/Applications/ALLMEMS1/Src/main.c:488:20: note: format string is defined here
  488 |   XPRINTF("MAG=%d,%d,%d\r\n",XMAG,YMAG,ZMAG);
      |                   ~^
      |                    |
      |                    int
      |                   %hhn
In file included from ../../Inc/main.h:27,
                 from C:/Users/liamp/OneDrive/Desktop/Uni/704/COMSYS704_2022/COMSYS704_2022/Projects/STM32L476JG-SensorTile/Applications/ALLMEMS1/Src/main.c:39:
C:/Users/liamp/OneDrive/Desktop/Uni/704/COMSYS704_2022/COMSYS704_2022/Projects/STM32L476JG-SensorTile/Applications/ALLMEMS1/Src/main.c:488:11: warning: format '%d' expects argument of type 'int', but argument 5 has type 'unsigned char *' [-Wformat=]
  488 |   XPRINTF("MAG=%d,%d,%d\r\n",XMAG,YMAG,ZMAG);
      |           ^~~~~~~~~~~~~~~~~~           ~~~~
      |                                        |
      |                                        unsigned char *
../../Inc/ALLMEMS1_config.h:126:52: note: in definition of macro 'XPRINTF'
  126 |       TmpBytesToWrite = sprintf( TmpBufferToWrite, __VA_ARGS__);\
      |                                                    ^~~~~~~~~~~
C:/Users/liamp/OneDrive/Desktop/Uni/704/COMSYS704_2022/COMSYS704_2022/Projects/STM32L476JG-SensorTile/Applications/ALLMEMS1/Src/main.c:488:23: note: format string is defined here
  488 |   XPRINTF("MAG=%d,%d,%d\r\n",XMAG,YMAG,ZMAG);
      |                      ~^
      |                       |
      |                       int
      |                      %hhn
C:/Users/liamp/OneDrive/Desktop/Uni/704/COMSYS704_2022/COMSYS704_2022/Projects/STM32L476JG-SensorTile/Applications/ALLMEMS1/Src/main.c:423:34: warning: unused variable 'zfinal_M' [-Wunused-variable]
  423 |  int xfinal_M = 0, yfinal_M = 0, zfinal_M = 0;
      |                                  ^~~~~~~~
C:/Users/liamp/OneDrive/Desktop/Uni/704/COMSYS704_2022/COMSYS704_2022/Projects/STM32L476JG-SensorTile/Applications/ALLMEMS1/Src/main.c:423:20: warning: unused variable 'yfinal_M' [-Wunused-variable]
  423 |  int xfinal_M = 0, yfinal_M = 0, zfinal_M = 0;
      |                    ^~~~~~~~
C:/Users/liamp/OneDrive/Desktop/Uni/704/COMSYS704_2022/COMSYS704_2022/Projects/STM32L476JG-SensorTile/Applications/ALLMEMS1/Src/main.c:423:6: warning: unused variable 'xfinal_M' [-Wunused-variable]
  423 |  int xfinal_M = 0, yfinal_M = 0, zfinal_M = 0;
      |      ^~~~~~~~
C:/Users/liamp/OneDrive/Desktop/Uni/704/COMSYS704_2022/COMSYS704_2022/Projects/STM32L476JG-SensorTile/Applications/ALLMEMS1/Src/main.c:422:37: warning: unused variable 'C_zbinary' [-Wunused-variable]
  422 |  char C_xbinary[16], C_ybinary[16], C_zbinary[16];
      |                                     ^~~~~~~~~
C:/Users/liamp/OneDrive/Desktop/Uni/704/COMSYS704_2022/COMSYS704_2022/Projects/STM32L476JG-SensorTile/Applications/ALLMEMS1/Src/main.c:422:22: warning: unused variable 'C_ybinary' [-Wunused-variable]
  422 |  char C_xbinary[16], C_ybinary[16], C_zbinary[16];
      |                      ^~~~~~~~~
C:/Users/liamp/OneDrive/Desktop/Uni/704/COMSYS704_2022/COMSYS704_2022/Projects/STM32L476JG-SensorTile/Applications/ALLMEMS1/Src/main.c:422:7: warning: unused variable 'C_xbinary' [-Wunused-variable]
  422 |  char C_xbinary[16], C_ybinary[16], C_zbinary[16];
      |       ^~~~~~~~~
C:/Users/liamp/OneDrive/Desktop/Uni/704/COMSYS704_2022/COMSYS704_2022/Projects/STM32L476JG-SensorTile/Applications/ALLMEMS1/Src/main.c:421:33: warning: unused variable 'zbinary' [-Wunused-variable]
  421 |  char xbinary[16], ybinary[16], zbinary[16];
      |                                 ^~~~~~~
C:/Users/liamp/OneDrive/Desktop/Uni/704/COMSYS704_2022/COMSYS704_2022/Projects/STM32L476JG-SensorTile/Applications/ALLMEMS1/Src/main.c:421:20: warning: unused variable 'ybinary' [-Wunused-variable]
  421 |  char xbinary[16], ybinary[16], zbinary[16];
      |                    ^~~~~~~
C:/Users/liamp/OneDrive/Desktop/Uni/704/COMSYS704_2022/COMSYS704_2022/Projects/STM32L476JG-SensorTile/Applications/ALLMEMS1/Src/main.c:421:7: warning: unused variable 'xbinary' [-Wunused-variable]
  421 |  char xbinary[16], ybinary[16], zbinary[16];
      |       ^~~~~~~
C:/Users/liamp/OneDrive/Desktop/Uni/704/COMSYS704_2022/COMSYS704_2022/Projects/STM32L476JG-SensorTile/Applications/ALLMEMS1/Src/main.c: In function 'readAcc':
C:/Users/liamp/OneDrive/Desktop/Uni/704/COMSYS704_2022/COMSYS704_2022/Projects/STM32L476JG-SensorTile/Applications/ALLMEMS1/Src/main.c:498:37: warning: unused variable 'C_zbinary' [-Wunused-variable]
  498 |  char C_xbinary[16], C_ybinary[16], C_zbinary[16];
      |                                     ^~~~~~~~~
C:/Users/liamp/OneDrive/Desktop/Uni/704/COMSYS704_2022/COMSYS704_2022/Projects/STM32L476JG-SensorTile/Applications/ALLMEMS1/Src/main.c:498:22: warning: unused variable 'C_ybinary' [-Wunused-variable]
  498 |  char C_xbinary[16], C_ybinary[16], C_zbinary[16];
      |                      ^~~~~~~~~
C:/Users/liamp/OneDrive/Desktop/Uni/704/COMSYS704_2022/COMSYS704_2022/Projects/STM32L476JG-SensorTile/Applications/ALLMEMS1/Src/main.c:498:7: warning: unused variable 'C_xbinary' [-Wunused-variable]
  498 |  char C_xbinary[16], C_ybinary[16], C_zbinary[16];
      |       ^~~~~~~~~
C:/Users/liamp/OneDrive/Desktop/Uni/704/COMSYS704_2022/COMSYS704_2022/Projects/STM32L476JG-SensorTile/Applications/ALLMEMS1/Src/main.c:497:33: warning: unused variable 'zbinary' [-Wunused-variable]
  497 |  char xbinary[16], ybinary[16], zbinary[16];
      |                                 ^~~~~~~
C:/Users/liamp/OneDrive/Desktop/Uni/704/COMSYS704_2022/COMSYS704_2022/Projects/STM32L476JG-SensorTile/Applications/ALLMEMS1/Src/main.c:497:20: warning: unused variable 'ybinary' [-Wunused-variable]
  497 |  char xbinary[16], ybinary[16], zbinary[16];
      |                    ^~~~~~~
C:/Users/liamp/OneDrive/Desktop/Uni/704/COMSYS704_2022/COMSYS704_2022/Projects/STM32L476JG-SensorTile/Applications/ALLMEMS1/Src/main.c:497:7: warning: unused variable 'xbinary' [-Wunused-variable]
  497 |  char xbinary[16], ybinary[16], zbinary[16];
      |       ^~~~~~~
At top level:
C:/Users/liamp/OneDrive/Desktop/Uni/704/COMSYS704_2022/COMSYS704_2022/Projects/STM32L476JG-SensorTile/Applications/ALLMEMS1/Src/main.c:1256:13: warning: 'DeinitTimers' defined but not used [-Wunused-function]
 1256 | static void DeinitTimers(void)
      |             ^~~~~~~~~~~~
C:/Users/liamp/OneDrive/Desktop/Uni/704/COMSYS704_2022/COMSYS704_2022/Projects/STM32L476JG-SensorTile/Applications/ALLMEMS1/Src/main.c:492:13: warning: 'readAcc' defined but not used [-Wunused-function]
  492 | static void readAcc() {
      |             ^~~~~~~
arm-none-eabi-g++ -o "STM32L476JG-SensorTile_ALLMEMS1.elf" @"objects.list"   -mcpu=cortex-m4 -T"../STM32L476RGTX.ld" -Wl,-Map="STM32L476JG-SensorTile_ALLMEMS1.map" -Wl,--gc-sections -static --specs=nano.specs -mfpu=fpv4-sp-d16 -mfloat-abi=softfp -mthumb -Wl,--start-group -lc -lm -lstdc++ -lsupc++ -Wl,--end-group
Finished building target: STM32L476JG-SensorTile_ALLMEMS1.elf
 
arm-none-eabi-size   STM32L476JG-SensorTile_ALLMEMS1.elf 
   text	   data	    bss	    dec	    hex	filename
  33376	    520	  22352	  56248	   dbb8	STM32L476JG-SensorTile_ALLMEMS1.elf
Finished building: default.size.stdout
 
arm-none-eabi-objdump -h -S  STM32L476JG-SensorTile_ALLMEMS1.elf  > "STM32L476JG-SensorTile_ALLMEMS1.list"
Finished building: STM32L476JG-SensorTile_ALLMEMS1.list
 
arm-none-eabi-objcopy -O binary "STM32L476JG-SensorTile_ALLMEMS1.elf" "STM32L476JG-SensorTile_ALLMEMS1.bin"
 
10:02:46 **** Incremental Build of configuration Debug for project COMSYS704-2022 ****
make all 
arm-none-eabi-gcc "C:/Users/liamp/OneDrive/Desktop/Uni/704/COMSYS704_2022/COMSYS704_2022/Projects/STM32L476JG-SensorTile/Applications/ALLMEMS1/Src/main.c" -mcpu=cortex-m4 -std=c99 -g3 -DDEBUG -DUSE_HAL_DRIVER -DSTM32L476xx -DUSE_STM32L4XX_NUCLEO -DSTM32_SENSORTILE -c -I../../Inc -I../../../../../../Drivers/CMSIS/Device/ST/STM32L4xx/Include -I../../../../../../Drivers/STM32L4xx_HAL_Driver/Inc -I../../../../../../Drivers/BSP/SensorTile -I../../../../../../Drivers/CMSIS/Include -I../../../../../../Drivers/BSP/Components/Common -I../../../../../../Middlewares/ST/BlueNRG-MS/includes -I../../../../../../Middlewares/ST/BlueNRG-MS/utils -I../../../../../../Middlewares/ST/BlueNRG-MS/hci/hci_tl_patterns/Basic -I../../../../../../Middlewares/ST/STM32_USB_Device_Library/Class/CDC/Inc -I../../../../../../Middlewares/ST/STM32_USB_Device_Library/Core/Inc -Og -ffunction-sections -Wall -fstack-usage -MMD -MP -MF"Application/User/main.d" -MT"Application/User/main.o" --specs=nano.specs -mfpu=fpv4-sp-d16 -mfloat-abi=softfp -mthumb -o "Application/User/main.o"
C:/Users/liamp/OneDrive/Desktop/Uni/704/COMSYS704_2022/COMSYS704_2022/Projects/STM32L476JG-SensorTile/Applications/ALLMEMS1/Src/main.c: In function 'readMag':
C:/Users/liamp/OneDrive/Desktop/Uni/704/COMSYS704_2022/COMSYS704_2022/Projects/STM32L476JG-SensorTile/Applications/ALLMEMS1/Src/main.c:484:14: warning: assignment to 'uint32_t' {aka 'long unsigned int'} from 'unsigned char *' makes integer from pointer without a cast [-Wint-conversion]
  484 |   MAG_Value.x=XMAG;
      |              ^
C:/Users/liamp/OneDrive/Desktop/Uni/704/COMSYS704_2022/COMSYS704_2022/Projects/STM32L476JG-SensorTile/Applications/ALLMEMS1/Src/main.c:485:14: warning: assignment to 'uint32_t' {aka 'long unsigned int'} from 'unsigned char *' makes integer from pointer without a cast [-Wint-conversion]
  485 |   MAG_Value.y=YMAG;
      |              ^
C:/Users/liamp/OneDrive/Desktop/Uni/704/COMSYS704_2022/COMSYS704_2022/Projects/STM32L476JG-SensorTile/Applications/ALLMEMS1/Src/main.c:486:14: warning: assignment to 'uint32_t' {aka 'long unsigned int'} from 'unsigned char *' makes integer from pointer without a cast [-Wint-conversion]
  486 |   MAG_Value.z=ZMAG;
      |              ^
In file included from ../../Inc/main.h:27,
                 from C:/Users/liamp/OneDrive/Desktop/Uni/704/COMSYS704_2022/COMSYS704_2022/Projects/STM32L476JG-SensorTile/Applications/ALLMEMS1/Src/main.c:39:
C:/Users/liamp/OneDrive/Desktop/Uni/704/COMSYS704_2022/COMSYS704_2022/Projects/STM32L476JG-SensorTile/Applications/ALLMEMS1/Src/main.c:488:11: warning: format '%d' expects argument of type 'int', but argument 3 has type 'unsigned char *' [-Wformat=]
  488 |   XPRINTF("MAG=%d,%d,%d\r\n",XMAG,YMAG,ZMAG);
      |           ^~~~~~~~~~~~~~~~~~ ~~~~
      |                              |
      |                              unsigned char *
../../Inc/ALLMEMS1_config.h:126:52: note: in definition of macro 'XPRINTF'
  126 |       TmpBytesToWrite = sprintf( TmpBufferToWrite, __VA_ARGS__);\
      |                                                    ^~~~~~~~~~~
C:/Users/liamp/OneDrive/Desktop/Uni/704/COMSYS704_2022/COMSYS704_2022/Projects/STM32L476JG-SensorTile/Applications/ALLMEMS1/Src/main.c:488:17: note: format string is defined here
  488 |   XPRINTF("MAG=%d,%d,%d\r\n",XMAG,YMAG,ZMAG);
      |                ~^
      |                 |
      |                 int
      |                %hhn
In file included from ../../Inc/main.h:27,
                 from C:/Users/liamp/OneDrive/Desktop/Uni/704/COMSYS704_2022/COMSYS704_2022/Projects/STM32L476JG-SensorTile/Applications/ALLMEMS1/Src/main.c:39:
C:/Users/liamp/OneDrive/Desktop/Uni/704/COMSYS704_2022/COMSYS704_2022/Projects/STM32L476JG-SensorTile/Applications/ALLMEMS1/Src/main.c:488:11: warning: format '%d' expects argument of type 'int', but argument 4 has type 'unsigned char *' [-Wformat=]
  488 |   XPRINTF("MAG=%d,%d,%d\r\n",XMAG,YMAG,ZMAG);
      |           ^~~~~~~~~~~~~~~~~~      ~~~~
      |                                   |
      |                                   unsigned char *
../../Inc/ALLMEMS1_config.h:126:52: note: in definition of macro 'XPRINTF'
  126 |       TmpBytesToWrite = sprintf( TmpBufferToWrite, __VA_ARGS__);\
      |                                                    ^~~~~~~~~~~
C:/Users/liamp/OneDrive/Desktop/Uni/704/COMSYS704_2022/COMSYS704_2022/Projects/STM32L476JG-SensorTile/Applications/ALLMEMS1/Src/main.c:488:20: note: format string is defined here
  488 |   XPRINTF("MAG=%d,%d,%d\r\n",XMAG,YMAG,ZMAG);
      |                   ~^
      |                    |
      |                    int
      |                   %hhn
In file included from ../../Inc/main.h:27,
                 from C:/Users/liamp/OneDrive/Desktop/Uni/704/COMSYS704_2022/COMSYS704_2022/Projects/STM32L476JG-SensorTile/Applications/ALLMEMS1/Src/main.c:39:
C:/Users/liamp/OneDrive/Desktop/Uni/704/COMSYS704_2022/COMSYS704_2022/Projects/STM32L476JG-SensorTile/Applications/ALLMEMS1/Src/main.c:488:11: warning: format '%d' expects argument of type 'int', but argument 5 has type 'unsigned char *' [-Wformat=]
  488 |   XPRINTF("MAG=%d,%d,%d\r\n",XMAG,YMAG,ZMAG);
      |           ^~~~~~~~~~~~~~~~~~           ~~~~
      |                                        |
      |                                        unsigned char *
../../Inc/ALLMEMS1_config.h:126:52: note: in definition of macro 'XPRINTF'
  126 |       TmpBytesToWrite = sprintf( TmpBufferToWrite, __VA_ARGS__);\
      |                                                    ^~~~~~~~~~~
C:/Users/liamp/OneDrive/Desktop/Uni/704/COMSYS704_2022/COMSYS704_2022/Projects/STM32L476JG-SensorTile/Applications/ALLMEMS1/Src/main.c:488:23: note: format string is defined here
  488 |   XPRINTF("MAG=%d,%d,%d\r\n",XMAG,YMAG,ZMAG);
      |                      ~^
      |                       |
      |                       int
      |                      %hhn
C:/Users/liamp/OneDrive/Desktop/Uni/704/COMSYS704_2022/COMSYS704_2022/Projects/STM32L476JG-SensorTile/Applications/ALLMEMS1/Src/main.c:423:34: warning: unused variable 'zfinal_M' [-Wunused-variable]
  423 |  int xfinal_M = 0, yfinal_M = 0, zfinal_M = 0;
      |                                  ^~~~~~~~
C:/Users/liamp/OneDrive/Desktop/Uni/704/COMSYS704_2022/COMSYS704_2022/Projects/STM32L476JG-SensorTile/Applications/ALLMEMS1/Src/main.c:423:20: warning: unused variable 'yfinal_M' [-Wunused-variable]
  423 |  int xfinal_M = 0, yfinal_M = 0, zfinal_M = 0;
      |                    ^~~~~~~~
C:/Users/liamp/OneDrive/Desktop/Uni/704/COMSYS704_2022/COMSYS704_2022/Projects/STM32L476JG-SensorTile/Applications/ALLMEMS1/Src/main.c:423:6: warning: unused variable 'xfinal_M' [-Wunused-variable]
  423 |  int xfinal_M = 0, yfinal_M = 0, zfinal_M = 0;
      |      ^~~~~~~~
C:/Users/liamp/OneDrive/Desktop/Uni/704/COMSYS704_2022/COMSYS704_2022/Projects/STM32L476JG-SensorTile/Applications/ALLMEMS1/Src/main.c:422:37: warning: unused variable 'C_zbinary' [-Wunused-variable]
  422 |  char C_xbinary[16], C_ybinary[16], C_zbinary[16];
      |                                     ^~~~~~~~~
C:/Users/liamp/OneDrive/Desktop/Uni/704/COMSYS704_2022/COMSYS704_2022/Projects/STM32L476JG-SensorTile/Applications/ALLMEMS1/Src/main.c:422:22: warning: unused variable 'C_ybinary' [-Wunused-variable]
  422 |  char C_xbinary[16], C_ybinary[16], C_zbinary[16];
      |                      ^~~~~~~~~
C:/Users/liamp/OneDrive/Desktop/Uni/704/COMSYS704_2022/COMSYS704_2022/Projects/STM32L476JG-SensorTile/Applications/ALLMEMS1/Src/main.c:422:7: warning: unused variable 'C_xbinary' [-Wunused-variable]
  422 |  char C_xbinary[16], C_ybinary[16], C_zbinary[16];
      |       ^~~~~~~~~
C:/Users/liamp/OneDrive/Desktop/Uni/704/COMSYS704_2022/COMSYS704_2022/Projects/STM32L476JG-SensorTile/Applications/ALLMEMS1/Src/main.c:421:33: warning: unused variable 'zbinary' [-Wunused-variable]
  421 |  char xbinary[16], ybinary[16], zbinary[16];
      |                                 ^~~~~~~
C:/Users/liamp/OneDrive/Desktop/Uni/704/COMSYS704_2022/COMSYS704_2022/Projects/STM32L476JG-SensorTile/Applications/ALLMEMS1/Src/main.c:421:20: warning: unused variable 'ybinary' [-Wunused-variable]
  421 |  char xbinary[16], ybinary[16], zbinary[16];
      |                    ^~~~~~~
C:/Users/liamp/OneDrive/Desktop/Uni/704/COMSYS704_2022/COMSYS704_2022/Projects/STM32L476JG-SensorTile/Applications/ALLMEMS1/Src/main.c:421:7: warning: unused variable 'xbinary' [-Wunused-variable]
  421 |  char xbinary[16], ybinary[16], zbinary[16];
      |       ^~~~~~~
C:/Users/liamp/OneDrive/Desktop/Uni/704/COMSYS704_2022/COMSYS704_2022/Projects/STM32L476JG-SensorTile/Applications/ALLMEMS1/Src/main.c: In function 'readAcc':
C:/Users/liamp/OneDrive/Desktop/Uni/704/COMSYS704_2022/COMSYS704_2022/Projects/STM32L476JG-SensorTile/Applications/ALLMEMS1/Src/main.c:561:15: warning: assignment to 'uint32_t' {aka 'long unsigned int'} from 'unsigned char *' makes integer from pointer without a cast [-Wint-conversion]
  561 |    ACC_Value.x=XACC;
      |               ^
C:/Users/liamp/OneDrive/Desktop/Uni/704/COMSYS704_2022/COMSYS704_2022/Projects/STM32L476JG-SensorTile/Applications/ALLMEMS1/Src/main.c:562:15: warning: assignment to 'uint32_t' {aka 'long unsigned int'} from 'unsigned char *' makes integer from pointer without a cast [-Wint-conversion]
  562 |    ACC_Value.y=YACC;
      |               ^
C:/Users/liamp/OneDrive/Desktop/Uni/704/COMSYS704_2022/COMSYS704_2022/Projects/STM32L476JG-SensorTile/Applications/ALLMEMS1/Src/main.c:563:15: warning: assignment to 'uint32_t' {aka 'long unsigned int'} from 'unsigned char *' makes integer from pointer without a cast [-Wint-conversion]
  563 |    ACC_Value.z=ZACC;
      |               ^
In file included from ../../Inc/main.h:27,
                 from C:/Users/liamp/OneDrive/Desktop/Uni/704/COMSYS704_2022/COMSYS704_2022/Projects/STM32L476JG-SensorTile/Applications/ALLMEMS1/Src/main.c:39:
C:/Users/liamp/OneDrive/Desktop/Uni/704/COMSYS704_2022/COMSYS704_2022/Projects/STM32L476JG-SensorTile/Applications/ALLMEMS1/Src/main.c:565:12: warning: format '%d' expects argument of type 'int', but argument 3 has type 'unsigned char *' [-Wformat=]
  565 |    XPRINTF("ACC=%d,%d,%d\r\n",XACC,YACC,ZACC);
      |            ^~~~~~~~~~~~~~~~~~ ~~~~
      |                               |
      |                               unsigned char *
../../Inc/ALLMEMS1_config.h:126:52: note: in definition of macro 'XPRINTF'
  126 |       TmpBytesToWrite = sprintf( TmpBufferToWrite, __VA_ARGS__);\
      |                                                    ^~~~~~~~~~~
C:/Users/liamp/OneDrive/Desktop/Uni/704/COMSYS704_2022/COMSYS704_2022/Projects/STM32L476JG-SensorTile/Applications/ALLMEMS1/Src/main.c:565:18: note: format string is defined here
  565 |    XPRINTF("ACC=%d,%d,%d\r\n",XACC,YACC,ZACC);
      |                 ~^
      |                  |
      |                  int
      |                 %hhn
In file included from ../../Inc/main.h:27,
                 from C:/Users/liamp/OneDrive/Desktop/Uni/704/COMSYS704_2022/COMSYS704_2022/Projects/STM32L476JG-SensorTile/Applications/ALLMEMS1/Src/main.c:39:
C:/Users/liamp/OneDrive/Desktop/Uni/704/COMSYS704_2022/COMSYS704_2022/Projects/STM32L476JG-SensorTile/Applications/ALLMEMS1/Src/main.c:565:12: warning: format '%d' expects argument of type 'int', but argument 4 has type 'unsigned char *' [-Wformat=]
  565 |    XPRINTF("ACC=%d,%d,%d\r\n",XACC,YACC,ZACC);
      |            ^~~~~~~~~~~~~~~~~~      ~~~~
      |                                    |
      |                                    unsigned char *
../../Inc/ALLMEMS1_config.h:126:52: note: in definition of macro 'XPRINTF'
  126 |       TmpBytesToWrite = sprintf( TmpBufferToWrite, __VA_ARGS__);\
      |                                                    ^~~~~~~~~~~
C:/Users/liamp/OneDrive/Desktop/Uni/704/COMSYS704_2022/COMSYS704_2022/Projects/STM32L476JG-SensorTile/Applications/ALLMEMS1/Src/main.c:565:21: note: format string is defined here
  565 |    XPRINTF("ACC=%d,%d,%d\r\n",XACC,YACC,ZACC);
      |                    ~^
      |                     |
      |                     int
      |                    %hhn
In file included from ../../Inc/main.h:27,
                 from C:/Users/liamp/OneDrive/Desktop/Uni/704/COMSYS704_2022/COMSYS704_2022/Projects/STM32L476JG-SensorTile/Applications/ALLMEMS1/Src/main.c:39:
C:/Users/liamp/OneDrive/Desktop/Uni/704/COMSYS704_2022/COMSYS704_2022/Projects/STM32L476JG-SensorTile/Applications/ALLMEMS1/Src/main.c:565:12: warning: format '%d' expects argument of type 'int', but argument 5 has type 'unsigned char *' [-Wformat=]
  565 |    XPRINTF("ACC=%d,%d,%d\r\n",XACC,YACC,ZACC);
      |            ^~~~~~~~~~~~~~~~~~           ~~~~
      |                                         |
      |                                         unsigned char *
../../Inc/ALLMEMS1_config.h:126:52: note: in definition of macro 'XPRINTF'
  126 |       TmpBytesToWrite = sprintf( TmpBufferToWrite, __VA_ARGS__);\
      |                                                    ^~~~~~~~~~~
C:/Users/liamp/OneDrive/Desktop/Uni/704/COMSYS704_2022/COMSYS704_2022/Projects/STM32L476JG-SensorTile/Applications/ALLMEMS1/Src/main.c:565:24: note: format string is defined here
  565 |    XPRINTF("ACC=%d,%d,%d\r\n",XACC,YACC,ZACC);
      |                       ~^
      |                        |
      |                        int
      |                       %hhn
C:/Users/liamp/OneDrive/Desktop/Uni/704/COMSYS704_2022/COMSYS704_2022/Projects/STM32L476JG-SensorTile/Applications/ALLMEMS1/Src/main.c:498:37: warning: unused variable 'C_zbinary' [-Wunused-variable]
  498 |  char C_xbinary[16], C_ybinary[16], C_zbinary[16];
      |                                     ^~~~~~~~~
C:/Users/liamp/OneDrive/Desktop/Uni/704/COMSYS704_2022/COMSYS704_2022/Projects/STM32L476JG-SensorTile/Applications/ALLMEMS1/Src/main.c:498:22: warning: unused variable 'C_ybinary' [-Wunused-variable]
  498 |  char C_xbinary[16], C_ybinary[16], C_zbinary[16];
      |                      ^~~~~~~~~
C:/Users/liamp/OneDrive/Desktop/Uni/704/COMSYS704_2022/COMSYS704_2022/Projects/STM32L476JG-SensorTile/Applications/ALLMEMS1/Src/main.c:498:7: warning: unused variable 'C_xbinary' [-Wunused-variable]
  498 |  char C_xbinary[16], C_ybinary[16], C_zbinary[16];
      |       ^~~~~~~~~
C:/Users/liamp/OneDrive/Desktop/Uni/704/COMSYS704_2022/COMSYS704_2022/Projects/STM32L476JG-SensorTile/Applications/ALLMEMS1/Src/main.c:497:33: warning: unused variable 'zbinary' [-Wunused-variable]
  497 |  char xbinary[16], ybinary[16], zbinary[16];
      |                                 ^~~~~~~
C:/Users/liamp/OneDrive/Desktop/Uni/704/COMSYS704_2022/COMSYS704_2022/Projects/STM32L476JG-SensorTile/Applications/ALLMEMS1/Src/main.c:497:20: warning: unused variable 'ybinary' [-Wunused-variable]
  497 |  char xbinary[16], ybinary[16], zbinary[16];
      |                    ^~~~~~~
C:/Users/liamp/OneDrive/Desktop/Uni/704/COMSYS704_2022/COMSYS704_2022/Projects/STM32L476JG-SensorTile/Applications/ALLMEMS1/Src/main.c:497:7: warning: unused variable 'xbinary' [-Wunused-variable]
  497 |  char xbinary[16], ybinary[16], zbinary[16];
      |       ^~~~~~~
C:/Users/liamp/OneDrive/Desktop/Uni/704/COMSYS704_2022/COMSYS704_2022/Projects/STM32L476JG-SensorTile/Applications/ALLMEMS1/Src/main.c:496:34: warning: unused variable 'zfinal_A' [-Wunused-variable]
  496 |  int xfinal_A = 0, yfinal_A = 0, zfinal_A = 0;
      |                                  ^~~~~~~~
C:/Users/liamp/OneDrive/Desktop/Uni/704/COMSYS704_2022/COMSYS704_2022/Projects/STM32L476JG-SensorTile/Applications/ALLMEMS1/Src/main.c:496:20: warning: unused variable 'yfinal_A' [-Wunused-variable]
  496 |  int xfinal_A = 0, yfinal_A = 0, zfinal_A = 0;
      |                    ^~~~~~~~
C:/Users/liamp/OneDrive/Desktop/Uni/704/COMSYS704_2022/COMSYS704_2022/Projects/STM32L476JG-SensorTile/Applications/ALLMEMS1/Src/main.c:496:6: warning: unused variable 'xfinal_A' [-Wunused-variable]
  496 |  int xfinal_A = 0, yfinal_A = 0, zfinal_A = 0;
      |      ^~~~~~~~
At top level:
C:/Users/liamp/OneDrive/Desktop/Uni/704/COMSYS704_2022/COMSYS704_2022/Projects/STM32L476JG-SensorTile/Applications/ALLMEMS1/Src/main.c:1189:13: warning: 'DeinitTimers' defined but not used [-Wunused-function]
 1189 | static void DeinitTimers(void)
      |             ^~~~~~~~~~~~
C:/Users/liamp/OneDrive/Desktop/Uni/704/COMSYS704_2022/COMSYS704_2022/Projects/STM32L476JG-SensorTile/Applications/ALLMEMS1/Src/main.c:417:13: warning: 'readMag' defined but not used [-Wunused-function]
  417 | static void readMag() {
      |             ^~~~~~~
arm-none-eabi-g++ -o "STM32L476JG-SensorTile_ALLMEMS1.elf" @"objects.list"   -mcpu=cortex-m4 -T"../STM32L476RGTX.ld" -Wl,-Map="STM32L476JG-SensorTile_ALLMEMS1.map" -Wl,--gc-sections -static --specs=nano.specs -mfpu=fpv4-sp-d16 -mfloat-abi=softfp -mthumb -Wl,--start-group -lc -lm -lstdc++ -lsupc++ -Wl,--end-group
Finished building target: STM32L476JG-SensorTile_ALLMEMS1.elf
 
arm-none-eabi-size   STM32L476JG-SensorTile_ALLMEMS1.elf 
   text	   data	    bss	    dec	    hex	filename
  33408	    520	  22352	  56280	   dbd8	STM32L476JG-SensorTile_ALLMEMS1.elf
Finished building: default.size.stdout
 
arm-none-eabi-objdump -h -S  STM32L476JG-SensorTile_ALLMEMS1.elf  > "STM32L476JG-SensorTile_ALLMEMS1.list"
Finished building: STM32L476JG-SensorTile_ALLMEMS1.list
 
arm-none-eabi-objcopy -O binary "STM32L476JG-SensorTile_ALLMEMS1.elf" "STM32L476JG-SensorTile_ALLMEMS1.bin"
 
10:04:17 **** Incremental Build of configuration Debug for project COMSYS704-2022 ****
make all 
arm-none-eabi-gcc "C:/Users/liamp/OneDrive/Desktop/Uni/704/COMSYS704_2022/COMSYS704_2022/Projects/STM32L476JG-SensorTile/Applications/ALLMEMS1/Src/main.c" -mcpu=cortex-m4 -std=c99 -g3 -DDEBUG -DUSE_HAL_DRIVER -DSTM32L476xx -DUSE_STM32L4XX_NUCLEO -DSTM32_SENSORTILE -c -I../../Inc -I../../../../../../Drivers/CMSIS/Device/ST/STM32L4xx/Include -I../../../../../../Drivers/STM32L4xx_HAL_Driver/Inc -I../../../../../../Drivers/BSP/SensorTile -I../../../../../../Drivers/CMSIS/Include -I../../../../../../Drivers/BSP/Components/Common -I../../../../../../Middlewares/ST/BlueNRG-MS/includes -I../../../../../../Middlewares/ST/BlueNRG-MS/utils -I../../../../../../Middlewares/ST/BlueNRG-MS/hci/hci_tl_patterns/Basic -I../../../../../../Middlewares/ST/STM32_USB_Device_Library/Class/CDC/Inc -I../../../../../../Middlewares/ST/STM32_USB_Device_Library/Core/Inc -Og -ffunction-sections -Wall -fstack-usage -MMD -MP -MF"Application/User/main.d" -MT"Application/User/main.o" --specs=nano.specs -mfpu=fpv4-sp-d16 -mfloat-abi=softfp -mthumb -o "Application/User/main.o"
C:/Users/liamp/OneDrive/Desktop/Uni/704/COMSYS704_2022/COMSYS704_2022/Projects/STM32L476JG-SensorTile/Applications/ALLMEMS1/Src/main.c: In function 'readMag':
C:/Users/liamp/OneDrive/Desktop/Uni/704/COMSYS704_2022/COMSYS704_2022/Projects/STM32L476JG-SensorTile/Applications/ALLMEMS1/Src/main.c:484:14: warning: assignment to 'uint32_t' {aka 'long unsigned int'} from 'unsigned char *' makes integer from pointer without a cast [-Wint-conversion]
  484 |   MAG_Value.x=XMAG;
      |              ^
C:/Users/liamp/OneDrive/Desktop/Uni/704/COMSYS704_2022/COMSYS704_2022/Projects/STM32L476JG-SensorTile/Applications/ALLMEMS1/Src/main.c:485:14: warning: assignment to 'uint32_t' {aka 'long unsigned int'} from 'unsigned char *' makes integer from pointer without a cast [-Wint-conversion]
  485 |   MAG_Value.y=YMAG;
      |              ^
C:/Users/liamp/OneDrive/Desktop/Uni/704/COMSYS704_2022/COMSYS704_2022/Projects/STM32L476JG-SensorTile/Applications/ALLMEMS1/Src/main.c:486:14: warning: assignment to 'uint32_t' {aka 'long unsigned int'} from 'unsigned char *' makes integer from pointer without a cast [-Wint-conversion]
  486 |   MAG_Value.z=ZMAG;
      |              ^
In file included from ../../Inc/main.h:27,
                 from C:/Users/liamp/OneDrive/Desktop/Uni/704/COMSYS704_2022/COMSYS704_2022/Projects/STM32L476JG-SensorTile/Applications/ALLMEMS1/Src/main.c:39:
C:/Users/liamp/OneDrive/Desktop/Uni/704/COMSYS704_2022/COMSYS704_2022/Projects/STM32L476JG-SensorTile/Applications/ALLMEMS1/Src/main.c:488:11: warning: format '%d' expects argument of type 'int', but argument 3 has type 'unsigned char *' [-Wformat=]
  488 |   XPRINTF("MAG=%d,%d,%d\r\n",XMAG,YMAG,ZMAG);
      |           ^~~~~~~~~~~~~~~~~~ ~~~~
      |                              |
      |                              unsigned char *
../../Inc/ALLMEMS1_config.h:126:52: note: in definition of macro 'XPRINTF'
  126 |       TmpBytesToWrite = sprintf( TmpBufferToWrite, __VA_ARGS__);\
      |                                                    ^~~~~~~~~~~
C:/Users/liamp/OneDrive/Desktop/Uni/704/COMSYS704_2022/COMSYS704_2022/Projects/STM32L476JG-SensorTile/Applications/ALLMEMS1/Src/main.c:488:17: note: format string is defined here
  488 |   XPRINTF("MAG=%d,%d,%d\r\n",XMAG,YMAG,ZMAG);
      |                ~^
      |                 |
      |                 int
      |                %hhn
In file included from ../../Inc/main.h:27,
                 from C:/Users/liamp/OneDrive/Desktop/Uni/704/COMSYS704_2022/COMSYS704_2022/Projects/STM32L476JG-SensorTile/Applications/ALLMEMS1/Src/main.c:39:
C:/Users/liamp/OneDrive/Desktop/Uni/704/COMSYS704_2022/COMSYS704_2022/Projects/STM32L476JG-SensorTile/Applications/ALLMEMS1/Src/main.c:488:11: warning: format '%d' expects argument of type 'int', but argument 4 has type 'unsigned char *' [-Wformat=]
  488 |   XPRINTF("MAG=%d,%d,%d\r\n",XMAG,YMAG,ZMAG);
      |           ^~~~~~~~~~~~~~~~~~      ~~~~
      |                                   |
      |                                   unsigned char *
../../Inc/ALLMEMS1_config.h:126:52: note: in definition of macro 'XPRINTF'
  126 |       TmpBytesToWrite = sprintf( TmpBufferToWrite, __VA_ARGS__);\
      |                                                    ^~~~~~~~~~~
C:/Users/liamp/OneDrive/Desktop/Uni/704/COMSYS704_2022/COMSYS704_2022/Projects/STM32L476JG-SensorTile/Applications/ALLMEMS1/Src/main.c:488:20: note: format string is defined here
  488 |   XPRINTF("MAG=%d,%d,%d\r\n",XMAG,YMAG,ZMAG);
      |                   ~^
      |                    |
      |                    int
      |                   %hhn
In file included from ../../Inc/main.h:27,
                 from C:/Users/liamp/OneDrive/Desktop/Uni/704/COMSYS704_2022/COMSYS704_2022/Projects/STM32L476JG-SensorTile/Applications/ALLMEMS1/Src/main.c:39:
C:/Users/liamp/OneDrive/Desktop/Uni/704/COMSYS704_2022/COMSYS704_2022/Projects/STM32L476JG-SensorTile/Applications/ALLMEMS1/Src/main.c:488:11: warning: format '%d' expects argument of type 'int', but argument 5 has type 'unsigned char *' [-Wformat=]
  488 |   XPRINTF("MAG=%d,%d,%d\r\n",XMAG,YMAG,ZMAG);
      |           ^~~~~~~~~~~~~~~~~~           ~~~~
      |                                        |
      |                                        unsigned char *
../../Inc/ALLMEMS1_config.h:126:52: note: in definition of macro 'XPRINTF'
  126 |       TmpBytesToWrite = sprintf( TmpBufferToWrite, __VA_ARGS__);\
      |                                                    ^~~~~~~~~~~
C:/Users/liamp/OneDrive/Desktop/Uni/704/COMSYS704_2022/COMSYS704_2022/Projects/STM32L476JG-SensorTile/Applications/ALLMEMS1/Src/main.c:488:23: note: format string is defined here
  488 |   XPRINTF("MAG=%d,%d,%d\r\n",XMAG,YMAG,ZMAG);
      |                      ~^
      |                       |
      |                       int
      |                      %hhn
C:/Users/liamp/OneDrive/Desktop/Uni/704/COMSYS704_2022/COMSYS704_2022/Projects/STM32L476JG-SensorTile/Applications/ALLMEMS1/Src/main.c:423:34: warning: unused variable 'zfinal_M' [-Wunused-variable]
  423 |  int xfinal_M = 0, yfinal_M = 0, zfinal_M = 0;
      |                                  ^~~~~~~~
C:/Users/liamp/OneDrive/Desktop/Uni/704/COMSYS704_2022/COMSYS704_2022/Projects/STM32L476JG-SensorTile/Applications/ALLMEMS1/Src/main.c:423:20: warning: unused variable 'yfinal_M' [-Wunused-variable]
  423 |  int xfinal_M = 0, yfinal_M = 0, zfinal_M = 0;
      |                    ^~~~~~~~
C:/Users/liamp/OneDrive/Desktop/Uni/704/COMSYS704_2022/COMSYS704_2022/Projects/STM32L476JG-SensorTile/Applications/ALLMEMS1/Src/main.c:423:6: warning: unused variable 'xfinal_M' [-Wunused-variable]
  423 |  int xfinal_M = 0, yfinal_M = 0, zfinal_M = 0;
      |      ^~~~~~~~
C:/Users/liamp/OneDrive/Desktop/Uni/704/COMSYS704_2022/COMSYS704_2022/Projects/STM32L476JG-SensorTile/Applications/ALLMEMS1/Src/main.c:422:37: warning: unused variable 'C_zbinary' [-Wunused-variable]
  422 |  char C_xbinary[16], C_ybinary[16], C_zbinary[16];
      |                                     ^~~~~~~~~
C:/Users/liamp/OneDrive/Desktop/Uni/704/COMSYS704_2022/COMSYS704_2022/Projects/STM32L476JG-SensorTile/Applications/ALLMEMS1/Src/main.c:422:22: warning: unused variable 'C_ybinary' [-Wunused-variable]
  422 |  char C_xbinary[16], C_ybinary[16], C_zbinary[16];
      |                      ^~~~~~~~~
C:/Users/liamp/OneDrive/Desktop/Uni/704/COMSYS704_2022/COMSYS704_2022/Projects/STM32L476JG-SensorTile/Applications/ALLMEMS1/Src/main.c:422:7: warning: unused variable 'C_xbinary' [-Wunused-variable]
  422 |  char C_xbinary[16], C_ybinary[16], C_zbinary[16];
      |       ^~~~~~~~~
C:/Users/liamp/OneDrive/Desktop/Uni/704/COMSYS704_2022/COMSYS704_2022/Projects/STM32L476JG-SensorTile/Applications/ALLMEMS1/Src/main.c:421:33: warning: unused variable 'zbinary' [-Wunused-variable]
  421 |  char xbinary[16], ybinary[16], zbinary[16];
      |                                 ^~~~~~~
C:/Users/liamp/OneDrive/Desktop/Uni/704/COMSYS704_2022/COMSYS704_2022/Projects/STM32L476JG-SensorTile/Applications/ALLMEMS1/Src/main.c:421:20: warning: unused variable 'ybinary' [-Wunused-variable]
  421 |  char xbinary[16], ybinary[16], zbinary[16];
      |                    ^~~~~~~
C:/Users/liamp/OneDrive/Desktop/Uni/704/COMSYS704_2022/COMSYS704_2022/Projects/STM32L476JG-SensorTile/Applications/ALLMEMS1/Src/main.c:421:7: warning: unused variable 'xbinary' [-Wunused-variable]
  421 |  char xbinary[16], ybinary[16], zbinary[16];
      |       ^~~~~~~
C:/Users/liamp/OneDrive/Desktop/Uni/704/COMSYS704_2022/COMSYS704_2022/Projects/STM32L476JG-SensorTile/Applications/ALLMEMS1/Src/main.c: In function 'readAcc':
C:/Users/liamp/OneDrive/Desktop/Uni/704/COMSYS704_2022/COMSYS704_2022/Projects/STM32L476JG-SensorTile/Applications/ALLMEMS1/Src/main.c:498:37: warning: unused variable 'C_zbinary' [-Wunused-variable]
  498 |  char C_xbinary[16], C_ybinary[16], C_zbinary[16];
      |                                     ^~~~~~~~~
C:/Users/liamp/OneDrive/Desktop/Uni/704/COMSYS704_2022/COMSYS704_2022/Projects/STM32L476JG-SensorTile/Applications/ALLMEMS1/Src/main.c:498:22: warning: unused variable 'C_ybinary' [-Wunused-variable]
  498 |  char C_xbinary[16], C_ybinary[16], C_zbinary[16];
      |                      ^~~~~~~~~
C:/Users/liamp/OneDrive/Desktop/Uni/704/COMSYS704_2022/COMSYS704_2022/Projects/STM32L476JG-SensorTile/Applications/ALLMEMS1/Src/main.c:498:7: warning: unused variable 'C_xbinary' [-Wunused-variable]
  498 |  char C_xbinary[16], C_ybinary[16], C_zbinary[16];
      |       ^~~~~~~~~
C:/Users/liamp/OneDrive/Desktop/Uni/704/COMSYS704_2022/COMSYS704_2022/Projects/STM32L476JG-SensorTile/Applications/ALLMEMS1/Src/main.c:497:33: warning: unused variable 'zbinary' [-Wunused-variable]
  497 |  char xbinary[16], ybinary[16], zbinary[16];
      |                                 ^~~~~~~
C:/Users/liamp/OneDrive/Desktop/Uni/704/COMSYS704_2022/COMSYS704_2022/Projects/STM32L476JG-SensorTile/Applications/ALLMEMS1/Src/main.c:497:20: warning: unused variable 'ybinary' [-Wunused-variable]
  497 |  char xbinary[16], ybinary[16], zbinary[16];
      |                    ^~~~~~~
C:/Users/liamp/OneDrive/Desktop/Uni/704/COMSYS704_2022/COMSYS704_2022/Projects/STM32L476JG-SensorTile/Applications/ALLMEMS1/Src/main.c:497:7: warning: unused variable 'xbinary' [-Wunused-variable]
  497 |  char xbinary[16], ybinary[16], zbinary[16];
      |       ^~~~~~~
At top level:
C:/Users/liamp/OneDrive/Desktop/Uni/704/COMSYS704_2022/COMSYS704_2022/Projects/STM32L476JG-SensorTile/Applications/ALLMEMS1/Src/main.c:1256:13: warning: 'DeinitTimers' defined but not used [-Wunused-function]
 1256 | static void DeinitTimers(void)
      |             ^~~~~~~~~~~~
arm-none-eabi-g++ -o "STM32L476JG-SensorTile_ALLMEMS1.elf" @"objects.list"   -mcpu=cortex-m4 -T"../STM32L476RGTX.ld" -Wl,-Map="STM32L476JG-SensorTile_ALLMEMS1.map" -Wl,--gc-sections -static --specs=nano.specs -mfpu=fpv4-sp-d16 -mfloat-abi=softfp -mthumb -Wl,--start-group -lc -lm -lstdc++ -lsupc++ -Wl,--end-group
Finished building target: STM32L476JG-SensorTile_ALLMEMS1.elf
 
arm-none-eabi-size   STM32L476JG-SensorTile_ALLMEMS1.elf 
   text	   data	    bss	    dec	    hex	filename
  33968	    520	  22352	  56840	   de08	STM32L476JG-SensorTile_ALLMEMS1.elf
Finished building: default.size.stdout
 
arm-none-eabi-objdump -h -S  STM32L476JG-SensorTile_ALLMEMS1.elf  > "STM32L476JG-SensorTile_ALLMEMS1.list"
Finished building: STM32L476JG-SensorTile_ALLMEMS1.list
 
arm-none-eabi-objcopy -O binary "STM32L476JG-SensorTile_ALLMEMS1.elf" "STM32L476JG-SensorTile_ALLMEMS1.bin"
 
10:06:11 **** Incremental Build of configuration Debug for project COMSYS704-2022 ****
make all 
arm-none-eabi-gcc "C:/Users/liamp/OneDrive/Desktop/Uni/704/COMSYS704_2022/COMSYS704_2022/Projects/STM32L476JG-SensorTile/Applications/ALLMEMS1/Src/main.c" -mcpu=cortex-m4 -std=c99 -g3 -DDEBUG -DUSE_HAL_DRIVER -DSTM32L476xx -DUSE_STM32L4XX_NUCLEO -DSTM32_SENSORTILE -c -I../../Inc -I../../../../../../Drivers/CMSIS/Device/ST/STM32L4xx/Include -I../../../../../../Drivers/STM32L4xx_HAL_Driver/Inc -I../../../../../../Drivers/BSP/SensorTile -I../../../../../../Drivers/CMSIS/Include -I../../../../../../Drivers/BSP/Components/Common -I../../../../../../Middlewares/ST/BlueNRG-MS/includes -I../../../../../../Middlewares/ST/BlueNRG-MS/utils -I../../../../../../Middlewares/ST/BlueNRG-MS/hci/hci_tl_patterns/Basic -I../../../../../../Middlewares/ST/STM32_USB_Device_Library/Class/CDC/Inc -I../../../../../../Middlewares/ST/STM32_USB_Device_Library/Core/Inc -Og -ffunction-sections -Wall -fstack-usage -MMD -MP -MF"Application/User/main.d" -MT"Application/User/main.o" --specs=nano.specs -mfpu=fpv4-sp-d16 -mfloat-abi=softfp -mthumb -o "Application/User/main.o"
C:/Users/liamp/OneDrive/Desktop/Uni/704/COMSYS704_2022/COMSYS704_2022/Projects/STM32L476JG-SensorTile/Applications/ALLMEMS1/Src/main.c: In function 'readMag':
C:/Users/liamp/OneDrive/Desktop/Uni/704/COMSYS704_2022/COMSYS704_2022/Projects/STM32L476JG-SensorTile/Applications/ALLMEMS1/Src/main.c:484:14: warning: assignment to 'uint32_t' {aka 'long unsigned int'} from 'unsigned char *' makes integer from pointer without a cast [-Wint-conversion]
  484 |   MAG_Value.x=XMAG;
      |              ^
C:/Users/liamp/OneDrive/Desktop/Uni/704/COMSYS704_2022/COMSYS704_2022/Projects/STM32L476JG-SensorTile/Applications/ALLMEMS1/Src/main.c:485:14: warning: assignment to 'uint32_t' {aka 'long unsigned int'} from 'unsigned char *' makes integer from pointer without a cast [-Wint-conversion]
  485 |   MAG_Value.y=YMAG;
      |              ^
C:/Users/liamp/OneDrive/Desktop/Uni/704/COMSYS704_2022/COMSYS704_2022/Projects/STM32L476JG-SensorTile/Applications/ALLMEMS1/Src/main.c:486:14: warning: assignment to 'uint32_t' {aka 'long unsigned int'} from 'unsigned char *' makes integer from pointer without a cast [-Wint-conversion]
  486 |   MAG_Value.z=ZMAG;
      |              ^
In file included from ../../Inc/main.h:27,
                 from C:/Users/liamp/OneDrive/Desktop/Uni/704/COMSYS704_2022/COMSYS704_2022/Projects/STM32L476JG-SensorTile/Applications/ALLMEMS1/Src/main.c:39:
C:/Users/liamp/OneDrive/Desktop/Uni/704/COMSYS704_2022/COMSYS704_2022/Projects/STM32L476JG-SensorTile/Applications/ALLMEMS1/Src/main.c:488:11: warning: format '%d' expects argument of type 'int', but argument 3 has type 'unsigned char *' [-Wformat=]
  488 |   XPRINTF("MAG=%d,%d,%d\r\n",XMAG,YMAG,ZMAG);
      |           ^~~~~~~~~~~~~~~~~~ ~~~~
      |                              |
      |                              unsigned char *
../../Inc/ALLMEMS1_config.h:126:52: note: in definition of macro 'XPRINTF'
  126 |       TmpBytesToWrite = sprintf( TmpBufferToWrite, __VA_ARGS__);\
      |                                                    ^~~~~~~~~~~
C:/Users/liamp/OneDrive/Desktop/Uni/704/COMSYS704_2022/COMSYS704_2022/Projects/STM32L476JG-SensorTile/Applications/ALLMEMS1/Src/main.c:488:17: note: format string is defined here
  488 |   XPRINTF("MAG=%d,%d,%d\r\n",XMAG,YMAG,ZMAG);
      |                ~^
      |                 |
      |                 int
      |                %hhn
In file included from ../../Inc/main.h:27,
                 from C:/Users/liamp/OneDrive/Desktop/Uni/704/COMSYS704_2022/COMSYS704_2022/Projects/STM32L476JG-SensorTile/Applications/ALLMEMS1/Src/main.c:39:
C:/Users/liamp/OneDrive/Desktop/Uni/704/COMSYS704_2022/COMSYS704_2022/Projects/STM32L476JG-SensorTile/Applications/ALLMEMS1/Src/main.c:488:11: warning: format '%d' expects argument of type 'int', but argument 4 has type 'unsigned char *' [-Wformat=]
  488 |   XPRINTF("MAG=%d,%d,%d\r\n",XMAG,YMAG,ZMAG);
      |           ^~~~~~~~~~~~~~~~~~      ~~~~
      |                                   |
      |                                   unsigned char *
../../Inc/ALLMEMS1_config.h:126:52: note: in definition of macro 'XPRINTF'
  126 |       TmpBytesToWrite = sprintf( TmpBufferToWrite, __VA_ARGS__);\
      |                                                    ^~~~~~~~~~~
C:/Users/liamp/OneDrive/Desktop/Uni/704/COMSYS704_2022/COMSYS704_2022/Projects/STM32L476JG-SensorTile/Applications/ALLMEMS1/Src/main.c:488:20: note: format string is defined here
  488 |   XPRINTF("MAG=%d,%d,%d\r\n",XMAG,YMAG,ZMAG);
      |                   ~^
      |                    |
      |                    int
      |                   %hhn
In file included from ../../Inc/main.h:27,
                 from C:/Users/liamp/OneDrive/Desktop/Uni/704/COMSYS704_2022/COMSYS704_2022/Projects/STM32L476JG-SensorTile/Applications/ALLMEMS1/Src/main.c:39:
C:/Users/liamp/OneDrive/Desktop/Uni/704/COMSYS704_2022/COMSYS704_2022/Projects/STM32L476JG-SensorTile/Applications/ALLMEMS1/Src/main.c:488:11: warning: format '%d' expects argument of type 'int', but argument 5 has type 'unsigned char *' [-Wformat=]
  488 |   XPRINTF("MAG=%d,%d,%d\r\n",XMAG,YMAG,ZMAG);
      |           ^~~~~~~~~~~~~~~~~~           ~~~~
      |                                        |
      |                                        unsigned char *
../../Inc/ALLMEMS1_config.h:126:52: note: in definition of macro 'XPRINTF'
  126 |       TmpBytesToWrite = sprintf( TmpBufferToWrite, __VA_ARGS__);\
      |                                                    ^~~~~~~~~~~
C:/Users/liamp/OneDrive/Desktop/Uni/704/COMSYS704_2022/COMSYS704_2022/Projects/STM32L476JG-SensorTile/Applications/ALLMEMS1/Src/main.c:488:23: note: format string is defined here
  488 |   XPRINTF("MAG=%d,%d,%d\r\n",XMAG,YMAG,ZMAG);
      |                      ~^
      |                       |
      |                       int
      |                      %hhn
C:/Users/liamp/OneDrive/Desktop/Uni/704/COMSYS704_2022/COMSYS704_2022/Projects/STM32L476JG-SensorTile/Applications/ALLMEMS1/Src/main.c:423:34: warning: unused variable 'zfinal_M' [-Wunused-variable]
  423 |  int xfinal_M = 0, yfinal_M = 0, zfinal_M = 0;
      |                                  ^~~~~~~~
C:/Users/liamp/OneDrive/Desktop/Uni/704/COMSYS704_2022/COMSYS704_2022/Projects/STM32L476JG-SensorTile/Applications/ALLMEMS1/Src/main.c:423:20: warning: unused variable 'yfinal_M' [-Wunused-variable]
  423 |  int xfinal_M = 0, yfinal_M = 0, zfinal_M = 0;
      |                    ^~~~~~~~
C:/Users/liamp/OneDrive/Desktop/Uni/704/COMSYS704_2022/COMSYS704_2022/Projects/STM32L476JG-SensorTile/Applications/ALLMEMS1/Src/main.c:423:6: warning: unused variable 'xfinal_M' [-Wunused-variable]
  423 |  int xfinal_M = 0, yfinal_M = 0, zfinal_M = 0;
      |      ^~~~~~~~
C:/Users/liamp/OneDrive/Desktop/Uni/704/COMSYS704_2022/COMSYS704_2022/Projects/STM32L476JG-SensorTile/Applications/ALLMEMS1/Src/main.c:422:37: warning: unused variable 'C_zbinary' [-Wunused-variable]
  422 |  char C_xbinary[16], C_ybinary[16], C_zbinary[16];
      |                                     ^~~~~~~~~
C:/Users/liamp/OneDrive/Desktop/Uni/704/COMSYS704_2022/COMSYS704_2022/Projects/STM32L476JG-SensorTile/Applications/ALLMEMS1/Src/main.c:422:22: warning: unused variable 'C_ybinary' [-Wunused-variable]
  422 |  char C_xbinary[16], C_ybinary[16], C_zbinary[16];
      |                      ^~~~~~~~~
C:/Users/liamp/OneDrive/Desktop/Uni/704/COMSYS704_2022/COMSYS704_2022/Projects/STM32L476JG-SensorTile/Applications/ALLMEMS1/Src/main.c:422:7: warning: unused variable 'C_xbinary' [-Wunused-variable]
  422 |  char C_xbinary[16], C_ybinary[16], C_zbinary[16];
      |       ^~~~~~~~~
C:/Users/liamp/OneDrive/Desktop/Uni/704/COMSYS704_2022/COMSYS704_2022/Projects/STM32L476JG-SensorTile/Applications/ALLMEMS1/Src/main.c:421:33: warning: unused variable 'zbinary' [-Wunused-variable]
  421 |  char xbinary[16], ybinary[16], zbinary[16];
      |                                 ^~~~~~~
C:/Users/liamp/OneDrive/Desktop/Uni/704/COMSYS704_2022/COMSYS704_2022/Projects/STM32L476JG-SensorTile/Applications/ALLMEMS1/Src/main.c:421:20: warning: unused variable 'ybinary' [-Wunused-variable]
  421 |  char xbinary[16], ybinary[16], zbinary[16];
      |                    ^~~~~~~
C:/Users/liamp/OneDrive/Desktop/Uni/704/COMSYS704_2022/COMSYS704_2022/Projects/STM32L476JG-SensorTile/Applications/ALLMEMS1/Src/main.c:421:7: warning: unused variable 'xbinary' [-Wunused-variable]
  421 |  char xbinary[16], ybinary[16], zbinary[16];
      |       ^~~~~~~
C:/Users/liamp/OneDrive/Desktop/Uni/704/COMSYS704_2022/COMSYS704_2022/Projects/STM32L476JG-SensorTile/Applications/ALLMEMS1/Src/main.c: In function 'readAcc':
C:/Users/liamp/OneDrive/Desktop/Uni/704/COMSYS704_2022/COMSYS704_2022/Projects/STM32L476JG-SensorTile/Applications/ALLMEMS1/Src/main.c:560:15: warning: assignment to 'uint32_t' {aka 'long unsigned int'} from 'unsigned char *' makes integer from pointer without a cast [-Wint-conversion]
  560 |    ACC_Value.x=XACC;
      |               ^
C:/Users/liamp/OneDrive/Desktop/Uni/704/COMSYS704_2022/COMSYS704_2022/Projects/STM32L476JG-SensorTile/Applications/ALLMEMS1/Src/main.c:561:15: warning: assignment to 'uint32_t' {aka 'long unsigned int'} from 'unsigned char *' makes integer from pointer without a cast [-Wint-conversion]
  561 |    ACC_Value.y=YACC;
      |               ^
C:/Users/liamp/OneDrive/Desktop/Uni/704/COMSYS704_2022/COMSYS704_2022/Projects/STM32L476JG-SensorTile/Applications/ALLMEMS1/Src/main.c:562:15: warning: assignment to 'uint32_t' {aka 'long unsigned int'} from 'unsigned char *' makes integer from pointer without a cast [-Wint-conversion]
  562 |    ACC_Value.z=ZACC;
      |               ^
In file included from ../../Inc/main.h:27,
                 from C:/Users/liamp/OneDrive/Desktop/Uni/704/COMSYS704_2022/COMSYS704_2022/Projects/STM32L476JG-SensorTile/Applications/ALLMEMS1/Src/main.c:39:
C:/Users/liamp/OneDrive/Desktop/Uni/704/COMSYS704_2022/COMSYS704_2022/Projects/STM32L476JG-SensorTile/Applications/ALLMEMS1/Src/main.c:564:12: warning: format '%d' expects argument of type 'int', but argument 3 has type 'unsigned char *' [-Wformat=]
[...]
  422 |  char C_xbinary[16], C_ybinary[16], C_zbinary[16];
      |       ^~~~~~~~~
C:/Users/liamp/OneDrive/Desktop/Uni/704/COMSYS704_2022/COMSYS704_2022/Projects/STM32L476JG-SensorTile/Applications/ALLMEMS1/Src/main.c:421:33: warning: unused variable 'zbinary' [-Wunused-variable]
  421 |  char xbinary[16], ybinary[16], zbinary[16];
      |                                 ^~~~~~~
C:/Users/liamp/OneDrive/Desktop/Uni/704/COMSYS704_2022/COMSYS704_2022/Projects/STM32L476JG-SensorTile/Applications/ALLMEMS1/Src/main.c:421:20: warning: unused variable 'ybinary' [-Wunused-variable]
  421 |  char xbinary[16], ybinary[16], zbinary[16];
      |                    ^~~~~~~
C:/Users/liamp/OneDrive/Desktop/Uni/704/COMSYS704_2022/COMSYS704_2022/Projects/STM32L476JG-SensorTile/Applications/ALLMEMS1/Src/main.c:421:7: warning: unused variable 'xbinary' [-Wunused-variable]
  421 |  char xbinary[16], ybinary[16], zbinary[16];
      |       ^~~~~~~
C:/Users/liamp/OneDrive/Desktop/Uni/704/COMSYS704_2022/COMSYS704_2022/Projects/STM32L476JG-SensorTile/Applications/ALLMEMS1/Src/main.c: In function 'readAcc':
C:/Users/liamp/OneDrive/Desktop/Uni/704/COMSYS704_2022/COMSYS704_2022/Projects/STM32L476JG-SensorTile/Applications/ALLMEMS1/Src/main.c:569:37: warning: unused variable 'C_zbinary' [-Wunused-variable]
  569 |  char C_xbinary[16], C_ybinary[16], C_zbinary[16];
      |                                     ^~~~~~~~~
C:/Users/liamp/OneDrive/Desktop/Uni/704/COMSYS704_2022/COMSYS704_2022/Projects/STM32L476JG-SensorTile/Applications/ALLMEMS1/Src/main.c:569:22: warning: unused variable 'C_ybinary' [-Wunused-variable]
  569 |  char C_xbinary[16], C_ybinary[16], C_zbinary[16];
      |                      ^~~~~~~~~
C:/Users/liamp/OneDrive/Desktop/Uni/704/COMSYS704_2022/COMSYS704_2022/Projects/STM32L476JG-SensorTile/Applications/ALLMEMS1/Src/main.c:569:7: warning: unused variable 'C_xbinary' [-Wunused-variable]
  569 |  char C_xbinary[16], C_ybinary[16], C_zbinary[16];
      |       ^~~~~~~~~
C:/Users/liamp/OneDrive/Desktop/Uni/704/COMSYS704_2022/COMSYS704_2022/Projects/STM32L476JG-SensorTile/Applications/ALLMEMS1/Src/main.c:568:33: warning: unused variable 'zbinary' [-Wunused-variable]
  568 |  char xbinary[16], ybinary[16], zbinary[16];
      |                                 ^~~~~~~
C:/Users/liamp/OneDrive/Desktop/Uni/704/COMSYS704_2022/COMSYS704_2022/Projects/STM32L476JG-SensorTile/Applications/ALLMEMS1/Src/main.c:568:20: warning: unused variable 'ybinary' [-Wunused-variable]
  568 |  char xbinary[16], ybinary[16], zbinary[16];
      |                    ^~~~~~~
C:/Users/liamp/OneDrive/Desktop/Uni/704/COMSYS704_2022/COMSYS704_2022/Projects/STM32L476JG-SensorTile/Applications/ALLMEMS1/Src/main.c:568:7: warning: unused variable 'xbinary' [-Wunused-variable]
  568 |  char xbinary[16], ybinary[16], zbinary[16];
      |       ^~~~~~~
At top level:
C:/Users/liamp/OneDrive/Desktop/Uni/704/COMSYS704_2022/COMSYS704_2022/Projects/STM32L476JG-SensorTile/Applications/ALLMEMS1/Src/main.c:1333:13: warning: 'DeinitTimers' defined but not used [-Wunused-function]
 1333 | static void DeinitTimers(void)
      |             ^~~~~~~~~~~~
C:/Users/liamp/OneDrive/Desktop/Uni/704/COMSYS704_2022/COMSYS704_2022/Projects/STM32L476JG-SensorTile/Applications/ALLMEMS1/Src/main.c:417:13: warning: 'readMag' defined but not used [-Wunused-function]
  417 | static void readMag() {
      |             ^~~~~~~
C:/Users/liamp/OneDrive/Desktop/Uni/704/COMSYS704_2022/COMSYS704_2022/Projects/STM32L476JG-SensorTile/Applications/ALLMEMS1/Src/main.c: In function 'readAcc':
C:/Users/liamp/OneDrive/Desktop/Uni/704/COMSYS704_2022/COMSYS704_2022/Projects/STM32L476JG-SensorTile/Applications/ALLMEMS1/Src/main.c:687:21: warning: 'zfinal_A' may be used uninitialized in this function [-Wmaybe-uninitialized]
  687 |            zfinal_A += val * pow(16, len);
      |                     ^~
C:/Users/liamp/OneDrive/Desktop/Uni/704/COMSYS704_2022/COMSYS704_2022/Projects/STM32L476JG-SensorTile/Applications/ALLMEMS1/Src/main.c:651:21: warning: 'yfinal_A' may be used uninitialized in this function [-Wmaybe-uninitialized]
  651 |            yfinal_A += val * pow(16, len);
      |                     ^~
C:/Users/liamp/OneDrive/Desktop/Uni/704/COMSYS704_2022/COMSYS704_2022/Projects/STM32L476JG-SensorTile/Applications/ALLMEMS1/Src/main.c:614:21: warning: 'xfinal_A' may be used uninitialized in this function [-Wmaybe-uninitialized]
  614 |            xfinal_A += val * pow(16, len);
      |                     ^~
arm-none-eabi-g++ -o "STM32L476JG-SensorTile_ALLMEMS1.elf" @"objects.list"   -mcpu=cortex-m4 -T"../STM32L476RGTX.ld" -Wl,-Map="STM32L476JG-SensorTile_ALLMEMS1.map" -Wl,--gc-sections -static --specs=nano.specs -mfpu=fpv4-sp-d16 -mfloat-abi=softfp -mthumb -Wl,--start-group -lc -lm -lstdc++ -lsupc++ -Wl,--end-group
Finished building target: STM32L476JG-SensorTile_ALLMEMS1.elf
 
arm-none-eabi-size   STM32L476JG-SensorTile_ALLMEMS1.elf 
   text	   data	    bss	    dec	    hex	filename
  39744	    520	  22352	  62616	   f498	STM32L476JG-SensorTile_ALLMEMS1.elf
Finished building: default.size.stdout
 
arm-none-eabi-objdump -h -S  STM32L476JG-SensorTile_ALLMEMS1.elf  > "STM32L476JG-SensorTile_ALLMEMS1.list"
Finished building: STM32L476JG-SensorTile_ALLMEMS1.list
 
arm-none-eabi-objcopy -O binary "STM32L476JG-SensorTile_ALLMEMS1.elf" "STM32L476JG-SensorTile_ALLMEMS1.bin"
 
10:30:21 **** Incremental Build of configuration Debug for project COMSYS704-2022 ****
make all 
arm-none-eabi-gcc "C:/Users/liamp/OneDrive/Desktop/Uni/704/COMSYS704_2022/COMSYS704_2022/Projects/STM32L476JG-SensorTile/Applications/ALLMEMS1/Src/main.c" -mcpu=cortex-m4 -std=c99 -g3 -DDEBUG -DUSE_HAL_DRIVER -DSTM32L476xx -DUSE_STM32L4XX_NUCLEO -DSTM32_SENSORTILE -c -I../../Inc -I../../../../../../Drivers/CMSIS/Device/ST/STM32L4xx/Include -I../../../../../../Drivers/STM32L4xx_HAL_Driver/Inc -I../../../../../../Drivers/BSP/SensorTile -I../../../../../../Drivers/CMSIS/Include -I../../../../../../Drivers/BSP/Components/Common -I../../../../../../Middlewares/ST/BlueNRG-MS/includes -I../../../../../../Middlewares/ST/BlueNRG-MS/utils -I../../../../../../Middlewares/ST/BlueNRG-MS/hci/hci_tl_patterns/Basic -I../../../../../../Middlewares/ST/STM32_USB_Device_Library/Class/CDC/Inc -I../../../../../../Middlewares/ST/STM32_USB_Device_Library/Core/Inc -Og -ffunction-sections -Wall -fstack-usage -MMD -MP -MF"Application/User/main.d" -MT"Application/User/main.o" --specs=nano.specs -mfpu=fpv4-sp-d16 -mfloat-abi=softfp -mthumb -o "Application/User/main.o"
C:/Users/liamp/OneDrive/Desktop/Uni/704/COMSYS704_2022/COMSYS704_2022/Projects/STM32L476JG-SensorTile/Applications/ALLMEMS1/Src/main.c: In function 'readMag':
C:/Users/liamp/OneDrive/Desktop/Uni/704/COMSYS704_2022/COMSYS704_2022/Projects/STM32L476JG-SensorTile/Applications/ALLMEMS1/Src/main.c:422:37: warning: unused variable 'C_zbinary' [-Wunused-variable]
  422 |  char C_xbinary[16], C_ybinary[16], C_zbinary[16];
      |                                     ^~~~~~~~~
C:/Users/liamp/OneDrive/Desktop/Uni/704/COMSYS704_2022/COMSYS704_2022/Projects/STM32L476JG-SensorTile/Applications/ALLMEMS1/Src/main.c:422:22: warning: unused variable 'C_ybinary' [-Wunused-variable]
  422 |  char C_xbinary[16], C_ybinary[16], C_zbinary[16];
      |                      ^~~~~~~~~
C:/Users/liamp/OneDrive/Desktop/Uni/704/COMSYS704_2022/COMSYS704_2022/Projects/STM32L476JG-SensorTile/Applications/ALLMEMS1/Src/main.c:422:7: warning: unused variable 'C_xbinary' [-Wunused-variable]
  422 |  char C_xbinary[16], C_ybinary[16], C_zbinary[16];
      |       ^~~~~~~~~
C:/Users/liamp/OneDrive/Desktop/Uni/704/COMSYS704_2022/COMSYS704_2022/Projects/STM32L476JG-SensorTile/Applications/ALLMEMS1/Src/main.c:421:33: warning: unused variable 'zbinary' [-Wunused-variable]
  421 |  char xbinary[16], ybinary[16], zbinary[16];
      |                                 ^~~~~~~
C:/Users/liamp/OneDrive/Desktop/Uni/704/COMSYS704_2022/COMSYS704_2022/Projects/STM32L476JG-SensorTile/Applications/ALLMEMS1/Src/main.c:421:20: warning: unused variable 'ybinary' [-Wunused-variable]
  421 |  char xbinary[16], ybinary[16], zbinary[16];
      |                    ^~~~~~~
C:/Users/liamp/OneDrive/Desktop/Uni/704/COMSYS704_2022/COMSYS704_2022/Projects/STM32L476JG-SensorTile/Applications/ALLMEMS1/Src/main.c:421:7: warning: unused variable 'xbinary' [-Wunused-variable]
  421 |  char xbinary[16], ybinary[16], zbinary[16];
      |       ^~~~~~~
C:/Users/liamp/OneDrive/Desktop/Uni/704/COMSYS704_2022/COMSYS704_2022/Projects/STM32L476JG-SensorTile/Applications/ALLMEMS1/Src/main.c: In function 'readAcc':
C:/Users/liamp/OneDrive/Desktop/Uni/704/COMSYS704_2022/COMSYS704_2022/Projects/STM32L476JG-SensorTile/Applications/ALLMEMS1/Src/main.c:569:37: warning: unused variable 'C_zbinary' [-Wunused-variable]
  569 |  char C_xbinary[16], C_ybinary[16], C_zbinary[16];
      |                                     ^~~~~~~~~
C:/Users/liamp/OneDrive/Desktop/Uni/704/COMSYS704_2022/COMSYS704_2022/Projects/STM32L476JG-SensorTile/Applications/ALLMEMS1/Src/main.c:569:22: warning: unused variable 'C_ybinary' [-Wunused-variable]
  569 |  char C_xbinary[16], C_ybinary[16], C_zbinary[16];
      |                      ^~~~~~~~~
C:/Users/liamp/OneDrive/Desktop/Uni/704/COMSYS704_2022/COMSYS704_2022/Projects/STM32L476JG-SensorTile/Applications/ALLMEMS1/Src/main.c:569:7: warning: unused variable 'C_xbinary' [-Wunused-variable]
  569 |  char C_xbinary[16], C_ybinary[16], C_zbinary[16];
      |       ^~~~~~~~~
C:/Users/liamp/OneDrive/Desktop/Uni/704/COMSYS704_2022/COMSYS704_2022/Projects/STM32L476JG-SensorTile/Applications/ALLMEMS1/Src/main.c:568:33: warning: unused variable 'zbinary' [-Wunused-variable]
  568 |  char xbinary[16], ybinary[16], zbinary[16];
      |                                 ^~~~~~~
C:/Users/liamp/OneDrive/Desktop/Uni/704/COMSYS704_2022/COMSYS704_2022/Projects/STM32L476JG-SensorTile/Applications/ALLMEMS1/Src/main.c:568:20: warning: unused variable 'ybinary' [-Wunused-variable]
  568 |  char xbinary[16], ybinary[16], zbinary[16];
      |                    ^~~~~~~
C:/Users/liamp/OneDrive/Desktop/Uni/704/COMSYS704_2022/COMSYS704_2022/Projects/STM32L476JG-SensorTile/Applications/ALLMEMS1/Src/main.c:568:7: warning: unused variable 'xbinary' [-Wunused-variable]
  568 |  char xbinary[16], ybinary[16], zbinary[16];
      |       ^~~~~~~
At top level:
C:/Users/liamp/OneDrive/Desktop/Uni/704/COMSYS704_2022/COMSYS704_2022/Projects/STM32L476JG-SensorTile/Applications/ALLMEMS1/Src/main.c:1333:13: warning: 'DeinitTimers' defined but not used [-Wunused-function]
 1333 | static void DeinitTimers(void)
      |             ^~~~~~~~~~~~
C:/Users/liamp/OneDrive/Desktop/Uni/704/COMSYS704_2022/COMSYS704_2022/Projects/STM32L476JG-SensorTile/Applications/ALLMEMS1/Src/main.c: In function 'readMag':
C:/Users/liamp/OneDrive/Desktop/Uni/704/COMSYS704_2022/COMSYS704_2022/Projects/STM32L476JG-SensorTile/Applications/ALLMEMS1/Src/main.c:539:20: warning: 'zfinal_M' may be used uninitialized in this function [-Wmaybe-uninitialized]
  539 |           zfinal_M += val * pow(16, len);
      |                    ^~
C:/Users/liamp/OneDrive/Desktop/Uni/704/COMSYS704_2022/COMSYS704_2022/Projects/STM32L476JG-SensorTile/Applications/ALLMEMS1/Src/main.c:503:20: warning: 'yfinal_M' may be used uninitialized in this function [-Wmaybe-uninitialized]
  503 |           yfinal_M += val * pow(16, len);
      |                    ^~
C:/Users/liamp/OneDrive/Desktop/Uni/704/COMSYS704_2022/COMSYS704_2022/Projects/STM32L476JG-SensorTile/Applications/ALLMEMS1/Src/main.c:466:20: warning: 'xfinal_M' may be used uninitialized in this function [-Wmaybe-uninitialized]
  466 |           xfinal_M += val * pow(16, len);
      |                    ^~
C:/Users/liamp/OneDrive/Desktop/Uni/704/COMSYS704_2022/COMSYS704_2022/Projects/STM32L476JG-SensorTile/Applications/ALLMEMS1/Src/main.c: In function 'readAcc':
C:/Users/liamp/OneDrive/Desktop/Uni/704/COMSYS704_2022/COMSYS704_2022/Projects/STM32L476JG-SensorTile/Applications/ALLMEMS1/Src/main.c:687:21: warning: 'zfinal_A' may be used uninitialized in this function [-Wmaybe-uninitialized]
  687 |            zfinal_A += val * pow(16, len);
      |                     ^~
C:/Users/liamp/OneDrive/Desktop/Uni/704/COMSYS704_2022/COMSYS704_2022/Projects/STM32L476JG-SensorTile/Applications/ALLMEMS1/Src/main.c:651:21: warning: 'yfinal_A' may be used uninitialized in this function [-Wmaybe-uninitialized]
  651 |            yfinal_A += val * pow(16, len);
      |                     ^~
C:/Users/liamp/OneDrive/Desktop/Uni/704/COMSYS704_2022/COMSYS704_2022/Projects/STM32L476JG-SensorTile/Applications/ALLMEMS1/Src/main.c:614:21: warning: 'xfinal_A' may be used uninitialized in this function [-Wmaybe-uninitialized]
  614 |            xfinal_A += val * pow(16, len);
      |                     ^~
arm-none-eabi-g++ -o "STM32L476JG-SensorTile_ALLMEMS1.elf" @"objects.list"   -mcpu=cortex-m4 -T"../STM32L476RGTX.ld" -Wl,-Map="STM32L476JG-SensorTile_ALLMEMS1.map" -Wl,--gc-sections -static --specs=nano.specs -mfpu=fpv4-sp-d16 -mfloat-abi=softfp -mthumb -Wl,--start-group -lc -lm -lstdc++ -lsupc++ -Wl,--end-group
Finished building target: STM32L476JG-SensorTile_ALLMEMS1.elf
 
arm-none-eabi-size   STM32L476JG-SensorTile_ALLMEMS1.elf 
   text	   data	    bss	    dec	    hex	filename
  40464	    520	  22352	  63336	   f768	STM32L476JG-SensorTile_ALLMEMS1.elf
Finished building: default.size.stdout
 
arm-none-eabi-objdump -h -S  STM32L476JG-SensorTile_ALLMEMS1.elf  > "STM32L476JG-SensorTile_ALLMEMS1.list"
Finished building: STM32L476JG-SensorTile_ALLMEMS1.list
 
arm-none-eabi-objcopy -O binary "STM32L476JG-SensorTile_ALLMEMS1.elf" "STM32L476JG-SensorTile_ALLMEMS1.bin"
 
10:31:37 **** Incremental Build of configuration Debug for project COMSYS704-2022 ****
make all 
arm-none-eabi-gcc "C:/Users/liamp/OneDrive/Desktop/Uni/704/COMSYS704_2022/COMSYS704_2022/Projects/STM32L476JG-SensorTile/Applications/ALLMEMS1/Src/main.c" -mcpu=cortex-m4 -std=c99 -g3 -DDEBUG -DUSE_HAL_DRIVER -DSTM32L476xx -DUSE_STM32L4XX_NUCLEO -DSTM32_SENSORTILE -c -I../../Inc -I../../../../../../Drivers/CMSIS/Device/ST/STM32L4xx/Include -I../../../../../../Drivers/STM32L4xx_HAL_Driver/Inc -I../../../../../../Drivers/BSP/SensorTile -I../../../../../../Drivers/CMSIS/Include -I../../../../../../Drivers/BSP/Components/Common -I../../../../../../Middlewares/ST/BlueNRG-MS/includes -I../../../../../../Middlewares/ST/BlueNRG-MS/utils -I../../../../../../Middlewares/ST/BlueNRG-MS/hci/hci_tl_patterns/Basic -I../../../../../../Middlewares/ST/STM32_USB_Device_Library/Class/CDC/Inc -I../../../../../../Middlewares/ST/STM32_USB_Device_Library/Core/Inc -Og -ffunction-sections -Wall -fstack-usage -MMD -MP -MF"Application/User/main.d" -MT"Application/User/main.o" --specs=nano.specs -mfpu=fpv4-sp-d16 -mfloat-abi=softfp -mthumb -o "Application/User/main.o"
C:/Users/liamp/OneDrive/Desktop/Uni/704/COMSYS704_2022/COMSYS704_2022/Projects/STM32L476JG-SensorTile/Applications/ALLMEMS1/Src/main.c: In function 'readMag':
C:/Users/liamp/OneDrive/Desktop/Uni/704/COMSYS704_2022/COMSYS704_2022/Projects/STM32L476JG-SensorTile/Applications/ALLMEMS1/Src/main.c:422:37: warning: unused variable 'C_zbinary' [-Wunused-variable]
  422 |  char C_xbinary[16], C_ybinary[16], C_zbinary[16];
      |                                     ^~~~~~~~~
C:/Users/liamp/OneDrive/Desktop/Uni/704/COMSYS704_2022/COMSYS704_2022/Projects/STM32L476JG-SensorTile/Applications/ALLMEMS1/Src/main.c:422:22: warning: unused variable 'C_ybinary' [-Wunused-variable]
  422 |  char C_xbinary[16], C_ybinary[16], C_zbinary[16];
      |                      ^~~~~~~~~
C:/Users/liamp/OneDrive/Desktop/Uni/704/COMSYS704_2022/COMSYS704_2022/Projects/STM32L476JG-SensorTile/Applications/ALLMEMS1/Src/main.c:422:7: warning: unused variable 'C_xbinary' [-Wunused-variable]
  422 |  char C_xbinary[16], C_ybinary[16], C_zbinary[16];
      |       ^~~~~~~~~
C:/Users/liamp/OneDrive/Desktop/Uni/704/COMSYS704_2022/COMSYS704_2022/Projects/STM32L476JG-SensorTile/Applications/ALLMEMS1/Src/main.c:421:33: warning: unused variable 'zbinary' [-Wunused-variable]
  421 |  char xbinary[16], ybinary[16], zbinary[16];
      |                                 ^~~~~~~
C:/Users/liamp/OneDrive/Desktop/Uni/704/COMSYS704_2022/COMSYS704_2022/Projects/STM32L476JG-SensorTile/Applications/ALLMEMS1/Src/main.c:421:20: warning: unused variable 'ybinary' [-Wunused-variable]
  421 |  char xbinary[16], ybinary[16], zbinary[16];
      |                    ^~~~~~~
C:/Users/liamp/OneDrive/Desktop/Uni/704/COMSYS704_2022/COMSYS704_2022/Projects/STM32L476JG-SensorTile/Applications/ALLMEMS1/Src/main.c:421:7: warning: unused variable 'xbinary' [-Wunused-variable]
  421 |  char xbinary[16], ybinary[16], zbinary[16];
      |       ^~~~~~~
C:/Users/liamp/OneDrive/Desktop/Uni/704/COMSYS704_2022/COMSYS704_2022/Projects/STM32L476JG-SensorTile/Applications/ALLMEMS1/Src/main.c: In function 'readAcc':
C:/Users/liamp/OneDrive/Desktop/Uni/704/COMSYS704_2022/COMSYS704_2022/Projects/STM32L476JG-SensorTile/Applications/ALLMEMS1/Src/main.c:569:37: warning: unused variable 'C_zbinary' [-Wunused-variable]
  569 |  char C_xbinary[16], C_ybinary[16], C_zbinary[16];
      |                                     ^~~~~~~~~
C:/Users/liamp/OneDrive/Desktop/Uni/704/COMSYS704_2022/COMSYS704_2022/Projects/STM32L476JG-SensorTile/Applications/ALLMEMS1/Src/main.c:569:22: warning: unused variable 'C_ybinary' [-Wunused-variable]
  569 |  char C_xbinary[16], C_ybinary[16], C_zbinary[16];
      |                      ^~~~~~~~~
C:/Users/liamp/OneDrive/Desktop/Uni/704/COMSYS704_2022/COMSYS704_2022/Projects/STM32L476JG-SensorTile/Applications/ALLMEMS1/Src/main.c:569:7: warning: unused variable 'C_xbinary' [-Wunused-variable]
  569 |  char C_xbinary[16], C_ybinary[16], C_zbinary[16];
      |       ^~~~~~~~~
C:/Users/liamp/OneDrive/Desktop/Uni/704/COMSYS704_2022/COMSYS704_2022/Projects/STM32L476JG-SensorTile/Applications/ALLMEMS1/Src/main.c:568:33: warning: unused variable 'zbinary' [-Wunused-variable]
  568 |  char xbinary[16], ybinary[16], zbinary[16];
      |                                 ^~~~~~~
C:/Users/liamp/OneDrive/Desktop/Uni/704/COMSYS704_2022/COMSYS704_2022/Projects/STM32L476JG-SensorTile/Applications/ALLMEMS1/Src/main.c:568:20: warning: unused variable 'ybinary' [-Wunused-variable]
  568 |  char xbinary[16], ybinary[16], zbinary[16];
      |                    ^~~~~~~
C:/Users/liamp/OneDrive/Desktop/Uni/704/COMSYS704_2022/COMSYS704_2022/Projects/STM32L476JG-SensorTile/Applications/ALLMEMS1/Src/main.c:568:7: warning: unused variable 'xbinary' [-Wunused-variable]
  568 |  char xbinary[16], ybinary[16], zbinary[16];
      |       ^~~~~~~
At top level:
C:/Users/liamp/OneDrive/Desktop/Uni/704/COMSYS704_2022/COMSYS704_2022/Projects/STM32L476JG-SensorTile/Applications/ALLMEMS1/Src/main.c:1333:13: warning: 'DeinitTimers' defined but not used [-Wunused-function]
 1333 | static void DeinitTimers(void)
      |             ^~~~~~~~~~~~
arm-none-eabi-g++ -o "STM32L476JG-SensorTile_ALLMEMS1.elf" @"objects.list"   -mcpu=cortex-m4 -T"../STM32L476RGTX.ld" -Wl,-Map="STM32L476JG-SensorTile_ALLMEMS1.map" -Wl,--gc-sections -static --specs=nano.specs -mfpu=fpv4-sp-d16 -mfloat-abi=softfp -mthumb -Wl,--start-group -lc -lm -lstdc++ -lsupc++ -Wl,--end-group
Finished building target: STM32L476JG-SensorTile_ALLMEMS1.elf
 
arm-none-eabi-size   STM32L476JG-SensorTile_ALLMEMS1.elf 
   text	   data	    bss	    dec	    hex	filename
  40472	    520	  22352	  63344	   f770	STM32L476JG-SensorTile_ALLMEMS1.elf
Finished building: default.size.stdout
 
arm-none-eabi-objdump -h -S  STM32L476JG-SensorTile_ALLMEMS1.elf  > "STM32L476JG-SensorTile_ALLMEMS1.list"
Finished building: STM32L476JG-SensorTile_ALLMEMS1.list
 
arm-none-eabi-objcopy -O binary "STM32L476JG-SensorTile_ALLMEMS1.elf" "STM32L476JG-SensorTile_ALLMEMS1.bin"
 
