C:/Users/liamp/OneDrive/Desktop/Uni/704/COMSYS704_2022/COMSYS704_2022/Projects/STM32L476JG-SensorTile/Applications/ALLMEMS1/Src/main.c:1275:13:SystemClock_Config	240	static
C:/Users/liamp/OneDrive/Desktop/Uni/704/COMSYS704_2022/COMSYS704_2022/Projects/STM32L476JG-SensorTile/Applications/ALLMEMS1/Src/main.c:958:16:BSP_LSM303AGR_WriteReg_Acc	24	static
C:/Users/liamp/OneDrive/Desktop/Uni/704/COMSYS704_2022/COMSYS704_2022/Projects/STM32L476JG-SensorTile/Applications/ALLMEMS1/Src/main.c:204:13:startAcc	24	static
C:/Users/liamp/OneDrive/Desktop/Uni/704/COMSYS704_2022/COMSYS704_2022/Projects/STM32L476JG-SensorTile/Applications/ALLMEMS1/Src/main.c:892:16:BSP_LSM303AGR_WriteReg_Mag	24	static
C:/Users/liamp/OneDrive/Desktop/Uni/704/COMSYS704_2022/COMSYS704_2022/Projects/STM32L476JG-SensorTile/Applications/ALLMEMS1/Src/main.c:196:13:startMag	24	static
C:/Users/liamp/OneDrive/Desktop/Uni/704/COMSYS704_2022/COMSYS704_2022/Projects/STM32L476JG-SensorTile/Applications/ALLMEMS1/Src/main.c:1145:13:Init_BlueNRG_Stack	352	static
C:/Users/liamp/OneDrive/Desktop/Uni/704/COMSYS704_2022/COMSYS704_2022/Projects/STM32L476JG-SensorTile/Applications/ALLMEMS1/Src/main.c:1240:13:Init_BlueNRG_Custom_Services	264	static
C:/Users/liamp/OneDrive/Desktop/Uni/704/COMSYS704_2022/COMSYS704_2022/Projects/STM32L476JG-SensorTile/Applications/ALLMEMS1/Src/main.c:701:13:SendMotionData	8	static
C:/Users/liamp/OneDrive/Desktop/Uni/704/COMSYS704_2022/COMSYS704_2022/Projects/STM32L476JG-SensorTile/Applications/ALLMEMS1/Src/main.c:659:6:HAL_TIM_OC_DelayElapsedCallback	8	static
C:/Users/liamp/OneDrive/Desktop/Uni/704/COMSYS704_2022/COMSYS704_2022/Projects/STM32L476JG-SensorTile/Applications/ALLMEMS1/Src/main.c:681:6:HAL_TIM_PeriodElapsedCallback	8	static
C:/Users/liamp/OneDrive/Desktop/Uni/704/COMSYS704_2022/COMSYS704_2022/Projects/STM32L476JG-SensorTile/Applications/ALLMEMS1/Src/main.c:806:9:Sensor_IO_SPI_CS_Init_All	80	static
C:/Users/liamp/OneDrive/Desktop/Uni/704/COMSYS704_2022/COMSYS704_2022/Projects/STM32L476JG-SensorTile/Applications/ALLMEMS1/Src/main.c:1029:6:LSM303AGR_SPI_Read_nBytes	4	static,ignoring_inline_asm
C:/Users/liamp/OneDrive/Desktop/Uni/704/COMSYS704_2022/COMSYS704_2022/Projects/STM32L476JG-SensorTile/Applications/ALLMEMS1/Src/main.c:1070:6:LSM303AGR_SPI_Read	0	static,ignoring_inline_asm
C:/Users/liamp/OneDrive/Desktop/Uni/704/COMSYS704_2022/COMSYS704_2022/Projects/STM32L476JG-SensorTile/Applications/ALLMEMS1/Src/main.c:1099:6:LSM303AGR_SPI_Write	0	static
C:/Users/liamp/OneDrive/Desktop/Uni/704/COMSYS704_2022/COMSYS704_2022/Projects/STM32L476JG-SensorTile/Applications/ALLMEMS1/Src/main.c:923:16:BSP_LSM303AGR_ReadReg_Mag	24	static
C:/Users/liamp/OneDrive/Desktop/Uni/704/COMSYS704_2022/COMSYS704_2022/Projects/STM32L476JG-SensorTile/Applications/ALLMEMS1/Src/main.c:212:13:readMag	352	static
C:/Users/liamp/OneDrive/Desktop/Uni/704/COMSYS704_2022/COMSYS704_2022/Projects/STM32L476JG-SensorTile/Applications/ALLMEMS1/Src/main.c:989:16:BSP_LSM303AGR_ReadReg_Acc	16	static
C:/Users/liamp/OneDrive/Desktop/Uni/704/COMSYS704_2022/COMSYS704_2022/Projects/STM32L476JG-SensorTile/Applications/ALLMEMS1/Src/main.c:175:13:InitLSM	280	static
C:/Users/liamp/OneDrive/Desktop/Uni/704/COMSYS704_2022/COMSYS704_2022/Projects/STM32L476JG-SensorTile/Applications/ALLMEMS1/Src/main.c:357:13:readAcc	352	static
C:/Users/liamp/OneDrive/Desktop/Uni/704/COMSYS704_2022/COMSYS704_2022/Projects/STM32L476JG-SensorTile/Applications/ALLMEMS1/Src/main.c:1349:6:HAL_Delay	16	static,ignoring_inline_asm
C:/Users/liamp/OneDrive/Desktop/Uni/704/COMSYS704_2022/COMSYS704_2022/Projects/STM32L476JG-SensorTile/Applications/ALLMEMS1/Src/main.c:625:6:InitTargetPlatform	8	static
C:/Users/liamp/OneDrive/Desktop/Uni/704/COMSYS704_2022/COMSYS704_2022/Projects/STM32L476JG-SensorTile/Applications/ALLMEMS1/Src/main.c:1363:6:Error_Handler	0	static
C:/Users/liamp/OneDrive/Desktop/Uni/704/COMSYS704_2022/COMSYS704_2022/Projects/STM32L476JG-SensorTile/Applications/ALLMEMS1/Src/main.c:716:13:InitTimers	56	static
C:/Users/liamp/OneDrive/Desktop/Uni/704/COMSYS704_2022/COMSYS704_2022/Projects/STM32L476JG-SensorTile/Applications/ALLMEMS1/Src/main.c:506:5:main	264	static,ignoring_inline_asm
C:/Users/liamp/OneDrive/Desktop/Uni/704/COMSYS704_2022/COMSYS704_2022/Projects/STM32L476JG-SensorTile/Applications/ALLMEMS1/Src/main.c:1375:6:HAL_GPIO_EXTI_Callback	8	static
